Component: ARM Compiler 5.06 update 1 (build 61) Tool: armlink [4d35a8]

==============================================================================

Section Cross References

    startup_stm32f40_41xxx.o(STACK) refers (Special) to heapauxi.o(.text) for __use_two_region_memory
    startup_stm32f40_41xxx.o(HEAP) refers (Special) to heapauxi.o(.text) for __use_two_region_memory
    startup_stm32f40_41xxx.o(RESET) refers (Special) to heapauxi.o(.text) for __use_two_region_memory
    startup_stm32f40_41xxx.o(RESET) refers to startup_stm32f40_41xxx.o(STACK) for __initial_sp
    startup_stm32f40_41xxx.o(RESET) refers to startup_stm32f40_41xxx.o(.text) for Reset_Handler
    startup_stm32f40_41xxx.o(RESET) refers to stm32fxxx_it.o(i.NMI_Handler) for NMI_Handler
    startup_stm32f40_41xxx.o(RESET) refers to stm32fxxx_it.o(i.HardFault_Handler) for HardFault_Handler
    startup_stm32f40_41xxx.o(RESET) refers to stm32fxxx_it.o(i.MemManage_Handler) for MemManage_Handler
    startup_stm32f40_41xxx.o(RESET) refers to stm32fxxx_it.o(i.BusFault_Handler) for BusFault_Handler
    startup_stm32f40_41xxx.o(RESET) refers to stm32fxxx_it.o(i.UsageFault_Handler) for UsageFault_Handler
    startup_stm32f40_41xxx.o(RESET) refers to stm32fxxx_it.o(i.SVC_Handler) for SVC_Handler
    startup_stm32f40_41xxx.o(RESET) refers to stm32fxxx_it.o(i.DebugMon_Handler) for DebugMon_Handler
    startup_stm32f40_41xxx.o(RESET) refers to stm32fxxx_it.o(i.PendSV_Handler) for PendSV_Handler
    startup_stm32f40_41xxx.o(RESET) refers to stm32fxxx_it.o(i.SysTick_Handler) for SysTick_Handler
    startup_stm32f40_41xxx.o(RESET) refers to stm32fxxx_it.o(i.TIM2_IRQHandler) for TIM2_IRQHandler
    startup_stm32f40_41xxx.o(RESET) refers to battery.o(i.I2C1_EV_IRQHandler) for I2C1_EV_IRQHandler
    startup_stm32f40_41xxx.o(RESET) refers to usart.o(i.USART1_IRQHandler) for USART1_IRQHandler
    startup_stm32f40_41xxx.o(RESET) refers to dwin.o(i.USART3_IRQHandler) for USART3_IRQHandler
    startup_stm32f40_41xxx.o(RESET) refers to stm324xg_eval_sdio_sd.o(i.SDIO_IRQHandler) for SDIO_IRQHandler
    startup_stm32f40_41xxx.o(RESET) refers to stm324xg_eval_sdio_sd.o(i.DMA2_Stream3_IRQHandler) for DMA2_Stream3_IRQHandler
    startup_stm32f40_41xxx.o(RESET) refers to sensor.o(i.USART6_IRQHandler) for USART6_IRQHandler
    startup_stm32f40_41xxx.o(RESET) refers to stm32fxxx_it.o(i.OTG_HS_IRQHandler) for OTG_HS_IRQHandler
    startup_stm32f40_41xxx.o(.text) refers (Special) to heapauxi.o(.text) for __use_two_region_memory
    startup_stm32f40_41xxx.o(.text) refers to system_stm32f4xx.o(i.SystemInit) for SystemInit
    startup_stm32f40_41xxx.o(.text) refers to __main.o(!!!main) for __main
    startup_stm32f40_41xxx.o(.text) refers to startup_stm32f40_41xxx.o(HEAP) for Heap_Mem
    startup_stm32f40_41xxx.o(.text) refers to startup_stm32f40_41xxx.o(STACK) for Stack_Mem
    main.o(i.Init_Systick) refers to system_stm32f4xx.o(.data) for SystemCoreClock
    main.o(i.SysTick_Timing) refers to main.o(.data) for SysTick_ms
    main.o(i.led_shining) refers to stm32f4xx_gpio.o(i.GPIO_ResetBits) for GPIO_ResetBits
    main.o(i.led_shining) refers to stm32f4xx_gpio.o(i.GPIO_SetBits) for GPIO_SetBits
    main.o(i.led_shining) refers to main.o(.data) for SysTick_ms
    main.o(i.main) refers to main.o(i.Init_Systick) for Init_Systick
    main.o(i.main) refers to stm324xg_eval_sdio_sd.o(i.SD_Init) for SD_Init
    main.o(i.main) refers to sd_card.o(i.SD_Get_FreeCap) for SD_Get_FreeCap
    main.o(i.main) refers to sd_card.o(i.SD_Read_Default_Settings) for SD_Read_Default_Settings
    main.o(i.main) refers to sd_card.o(i.SD_Load_Settings) for SD_Load_Settings
    main.o(i.main) refers to dwin.o(i.Usart3_Init) for Usart3_Init
    main.o(i.main) refers to usbh_core.o(i.USBH_Init) for USBH_Init
    main.o(i.main) refers to sensor.o(i.Usart6_Init) for Usart6_Init
    main.o(i.main) refers to battery.o(i.I2C1_Init) for I2C1_Init
    main.o(i.main) refers to dwin.o(i.Dwin_Process) for Dwin_Process
    main.o(i.main) refers to sensor.o(i.Sensor_Process) for Sensor_Process
    main.o(i.main) refers to battery.o(i.Battery_Process) for Battery_Process
    main.o(i.main) refers to sd_card.o(i.SD_Process) for SD_Process
    main.o(i.main) refers to usbh_core.o(i.USBH_Process) for USBH_Process
    main.o(i.main) refers to main.o(i.led_shining) for led_shining
    main.o(i.main) refers to dwin.o(.bss) for Dwin_Measurements
    main.o(i.main) refers to led.o(.data) for led
    main.o(i.main) refers to usart.o(.data) for usart1
    main.o(i.main) refers to usbh_usr.o(.data) for USR_cb
    main.o(i.main) refers to usbh_msc_core.o(.data) for USBH_MSC_cb
    main.o(i.main) refers to main.o(.bss) for USB_Host
    led.o(i.initialize) refers to stm32f4xx_rcc.o(i.RCC_AHB1PeriphClockCmd) for RCC_AHB1PeriphClockCmd
    led.o(i.initialize) refers to stm32f4xx_gpio.o(i.GPIO_Init) for GPIO_Init
    led.o(i.initialize) refers to stm32f4xx_gpio.o(i.GPIO_SetBits) for GPIO_SetBits
[...]
    SD_SelectDeselect                        0x08004d99   Thumb Code    48  stm324xg_eval_sdio_sd.o(i.SD_SelectDeselect)
    SD_SendStatus                            0x08004dcd   Thumb Code    74  stm324xg_eval_sdio_sd.o(i.SD_SendStatus)
    SD_StopTransfer                          0x08004e21   Thumb Code    46  stm324xg_eval_sdio_sd.o(i.SD_StopTransfer)
    SD_WaitReadOperation                     0x08004e55   Thumb Code   102  stm324xg_eval_sdio_sd.o(i.SD_WaitReadOperation)
    SD_WaitWriteOperation                    0x08004ed1   Thumb Code   102  stm324xg_eval_sdio_sd.o(i.SD_WaitWriteOperation)
    SD_WriteMultiBlocks                      0x08004f4d   Thumb Code   294  stm324xg_eval_sdio_sd.o(i.SD_WriteMultiBlocks)
    SVC_Handler                              0x08005095   Thumb Code     2  stm32fxxx_it.o(i.SVC_Handler)
    Sensor_Process                           0x08005099   Thumb Code  1430  sensor.o(i.Sensor_Process)
    SysTick_Handler                          0x08005859   Thumb Code     8  stm32fxxx_it.o(i.SysTick_Handler)
    SysTick_Timing                           0x08005861   Thumb Code    76  main.o(i.SysTick_Timing)
    SystemInit                               0x080058c1   Thumb Code    88  system_stm32f4xx.o(i.SystemInit)
    TIM2_IRQHandler                          0x08005929   Thumb Code     8  stm32fxxx_it.o(i.TIM2_IRQHandler)
    TIM_ARRPreloadConfig                     0x08005931   Thumb Code    24  stm32f4xx_tim.o(i.TIM_ARRPreloadConfig)
    TIM_ClearITPendingBit                    0x08005949   Thumb Code     6  stm32f4xx_tim.o(i.TIM_ClearITPendingBit)
    TIM_Cmd                                  0x0800594f   Thumb Code    24  stm32f4xx_tim.o(i.TIM_Cmd)
    TIM_GetITStatus                          0x08005967   Thumb Code    34  stm32f4xx_tim.o(i.TIM_GetITStatus)
    TIM_ITConfig                             0x08005989   Thumb Code    18  stm32f4xx_tim.o(i.TIM_ITConfig)
    TIM_TimeBaseInit                         0x0800599d   Thumb Code   104  stm32f4xx_tim.o(i.TIM_TimeBaseInit)
    USART1_IRQHandler                        0x08005a21   Thumb Code    90  usart.o(i.USART1_IRQHandler)
    USART3_IRQHandler                        0x08005a85   Thumb Code   158  dwin.o(i.USART3_IRQHandler)
    USART6_IRQHandler                        0x08005b41   Thumb Code    28  sensor.o(i.USART6_IRQHandler)
    USART_Cmd                                0x08005b61   Thumb Code    24  stm32f4xx_usart.o(i.USART_Cmd)
    USART_DeInit                             0x08005b79   Thumb Code   206  stm32f4xx_usart.o(i.USART_DeInit)
    USART_GetFlagStatus                      0x08005c69   Thumb Code    26  stm32f4xx_usart.o(i.USART_GetFlagStatus)
    USART_ITConfig                           0x08005c83   Thumb Code    74  stm32f4xx_usart.o(i.USART_ITConfig)
    USART_Init                               0x08005ccd   Thumb Code   204  stm32f4xx_usart.o(i.USART_Init)
    USART_ReceiveData                        0x08005da1   Thumb Code    10  stm32f4xx_usart.o(i.USART_ReceiveData)
    USART_SendData                           0x08005dab   Thumb Code     8  stm32f4xx_usart.o(i.USART_SendData)
    USBH_Alloc_Channel                       0x08005db3   Thumb Code    38  usbh_hcs.o(i.USBH_Alloc_Channel)
    USBH_BulkReceiveData                     0x08005dd9   Thumb Code    96  usbh_ioreq.o(i.USBH_BulkReceiveData)
    USBH_BulkSendData                        0x08005e39   Thumb Code    94  usbh_ioreq.o(i.USBH_BulkSendData)
    USBH_ClrFeature                          0x08005e97   Thumb Code    76  usbh_stdreq.o(i.USBH_ClrFeature)
    USBH_Connected                           0x08005ee3   Thumb Code    12  usbh_core.o(i.USBH_Connected)
    USBH_CtlReceiveData                      0x08005eef   Thumb Code    70  usbh_ioreq.o(i.USBH_CtlReceiveData)
    USBH_CtlReq                              0x08005f35   Thumb Code   100  usbh_ioreq.o(i.USBH_CtlReq)
    USBH_CtlSendData                         0x08005f99   Thumb Code   110  usbh_ioreq.o(i.USBH_CtlSendData)
    USBH_CtlSendSetup                        0x08006007   Thumb Code    66  usbh_ioreq.o(i.USBH_CtlSendSetup)
    USBH_DeAllocate_AllChannel               0x08006049   Thumb Code    28  usbh_hcs.o(i.USBH_DeAllocate_AllChannel)
    USBH_DeInit                              0x08006065   Thumb Code    58  usbh_core.o(i.USBH_DeInit)
    USBH_Disconnected                        0x0800609f   Thumb Code    12  usbh_core.o(i.USBH_Disconnected)
    USBH_ErrorHandle                         0x080060ab   Thumb Code    46  usbh_core.o(i.USBH_ErrorHandle)
    USBH_Free_Channel                        0x080060d9   Thumb Code    30  usbh_hcs.o(i.USBH_Free_Channel)
    USBH_GetDescriptor                       0x080060f7   Thumb Code    68  usbh_stdreq.o(i.USBH_GetDescriptor)
    USBH_GetNextDesc                         0x08006163   Thumb Code    18  usbh_stdreq.o(i.USBH_GetNextDesc)
    USBH_Get_CfgDesc                         0x08006175   Thumb Code    88  usbh_stdreq.o(i.USBH_Get_CfgDesc)
    USBH_Get_DevDesc                         0x080061d1   Thumb Code    56  usbh_stdreq.o(i.USBH_Get_DevDesc)
    USBH_Get_StringDesc                      0x08006209   Thumb Code    60  usbh_stdreq.o(i.USBH_Get_StringDesc)
    USBH_HandleControl                       0x08006245   Thumb Code   544  usbh_core.o(i.USBH_HandleControl)
    USBH_Init                                0x08006645   Thumb Code    68  usbh_core.o(i.USBH_Init)
    USBH_MSC_BOT_Abort                       0x080066ad   Thumb Code    86  usbh_msc_bot.o(i.USBH_MSC_BOT_Abort)
    USBH_MSC_DecodeCSW                       0x08006721   Thumb Code   108  usbh_msc_bot.o(i.USBH_MSC_DecodeCSW)
    USBH_MSC_ErrorHandle                     0x080067a1   Thumb Code    58  usbh_msc_core.o(i.USBH_MSC_ErrorHandle)
    USBH_MSC_HandleBOTXfer                   0x080069b9   Thumb Code   812  usbh_msc_bot.o(i.USBH_MSC_HandleBOTXfer)
    USBH_MSC_Init                            0x08006d09   Thumb Code    44  usbh_msc_bot.o(i.USBH_MSC_Init)
    USBH_MSC_ModeSense6                      0x08006e69   Thumb Code   192  usbh_msc_scsi.o(i.USBH_MSC_ModeSense6)
    USBH_MSC_Read10                          0x08006f39   Thumb Code   242  usbh_msc_scsi.o(i.USBH_MSC_Read10)
    USBH_MSC_ReadCapacity10                  0x08007039   Thumb Code   202  usbh_msc_scsi.o(i.USBH_MSC_ReadCapacity10)
    USBH_MSC_RequestSense                    0x08007115   Thumb Code   208  usbh_msc_scsi.o(i.USBH_MSC_RequestSense)
    USBH_MSC_TestUnitReady                   0x080071f5   Thumb Code   162  usbh_msc_scsi.o(i.USBH_MSC_TestUnitReady)
    USBH_MSC_Write10                         0x080072a5   Thumb Code   218  usbh_msc_scsi.o(i.USBH_MSC_Write10)
    USBH_Modify_Channel                      0x08007389   Thumb Code   100  usbh_hcs.o(i.USBH_Modify_Channel)
    USBH_OTG_ISR_Handler                     0x080073ed   Thumb Code   168  usb_hcd_int.o(i.USBH_OTG_ISR_Handler)
    USBH_Open_Channel                        0x08007495   Thumb Code   154  usbh_hcs.o(i.USBH_Open_Channel)
    USBH_Process                             0x08007721   Thumb Code   430  usbh_core.o(i.USBH_Process)
    USBH_SOF                                 0x080078d5   Thumb Code     6  usbh_core.o(i.USBH_SOF)
    USBH_SetAddress                          0x080078db   Thumb Code    38  usbh_stdreq.o(i.USBH_SetAddress)
    USBH_SetCfg                              0x08007901   Thumb Code    38  usbh_stdreq.o(i.USBH_SetCfg)
    USBH_USR_Configuration_DescAvailable     0x0800793f   Thumb Code     2  usbh_usr.o(i.USBH_USR_Configuration_DescAvailable)
    USBH_USR_DeInit                          0x08007941   Thumb Code     2  usbh_usr.o(i.USBH_USR_DeInit)
    USBH_USR_DeviceAddressAssigned           0x08007943   Thumb Code     2  usbh_usr.o(i.USBH_USR_DeviceAddressAssigned)
    USBH_USR_DeviceAttached                  0x08007945   Thumb Code     2  usbh_usr.o(i.USBH_USR_DeviceAttached)
    USBH_USR_DeviceDisconnected              0x08007947   Thumb Code     2  usbh_usr.o(i.USBH_USR_DeviceDisconnected)
    USBH_USR_DeviceNotSupported              0x08007949   Thumb Code     2  usbh_usr.o(i.USBH_USR_DeviceNotSupported)
    USBH_USR_DeviceSpeedDetected             0x0800794b   Thumb Code     2  usbh_usr.o(i.USBH_USR_DeviceSpeedDetected)
    USBH_USR_Device_DescAvailable            0x0800794d   Thumb Code     2  usbh_usr.o(i.USBH_USR_Device_DescAvailable)
    USBH_USR_EnumerationDone                 0x0800794f   Thumb Code     2  usbh_usr.o(i.USBH_USR_EnumerationDone)
    USBH_USR_Init                            0x08007951   Thumb Code     2  usbh_usr.o(i.USBH_USR_Init)
    USBH_USR_MSC_Application                 0x08007955   Thumb Code   306  usbh_usr.o(i.USBH_USR_MSC_Application)
    USBH_USR_Manufacturer_String             0x08007ae1   Thumb Code     2  usbh_usr.o(i.USBH_USR_Manufacturer_String)
    USBH_USR_OverCurrentDetected             0x08007ae3   Thumb Code     2  usbh_usr.o(i.USBH_USR_OverCurrentDetected)
    USBH_USR_Product_String                  0x08007ae5   Thumb Code     2  usbh_usr.o(i.USBH_USR_Product_String)
    USBH_USR_ResetDevice                     0x08007ae7   Thumb Code     2  usbh_usr.o(i.USBH_USR_ResetDevice)
    USBH_USR_SerialNum_String                0x08007ae9   Thumb Code     2  usbh_usr.o(i.USBH_USR_SerialNum_String)
    USBH_USR_UnrecoveredError                0x08007aeb   Thumb Code     2  usbh_usr.o(i.USBH_USR_UnrecoveredError)
    USBH_USR_UserInput                       0x08007aed   Thumb Code     4  usbh_usr.o(i.USBH_USR_UserInput)
    USB_OTG_BSP_ConfigVBUS                   0x08007af1   Thumb Code     2  usb_bsp.o(i.USB_OTG_BSP_ConfigVBUS)
    USB_OTG_BSP_DriveVBUS                    0x08007af3   Thumb Code     2  usb_bsp.o(i.USB_OTG_BSP_DriveVBUS)
    USB_OTG_BSP_EnableInterrupt              0x08007af5   Thumb Code    44  usb_bsp.o(i.USB_OTG_BSP_EnableInterrupt)
    USB_OTG_BSP_Init                         0x08007b21   Thumb Code   314  usb_bsp.o(i.USB_OTG_BSP_Init)
    USB_OTG_BSP_TimerIRQ                     0x08007c99   Thumb Code    50  usb_bsp.o(i.USB_OTG_BSP_TimerIRQ)
    USB_OTG_BSP_mDelay                       0x08007cd1   Thumb Code    14  usb_bsp.o(i.USB_OTG_BSP_mDelay)
    USB_OTG_BSP_uDelay                       0x08007cdf   Thumb Code    14  usb_bsp.o(i.USB_OTG_BSP_uDelay)
    USB_OTG_CoreInit                         0x08007ced   Thumb Code   306  usb_core.o(i.USB_OTG_CoreInit)
    USB_OTG_CoreInitHost                     0x08007e1f   Thumb Code   218  usb_core.o(i.USB_OTG_CoreInitHost)
    USB_OTG_DisableGlobalInt                 0x08007f69   Thumb Code    34  usb_core.o(i.USB_OTG_DisableGlobalInt)
    USB_OTG_DriveVbus                        0x08007f8b   Thumb Code    92  usb_core.o(i.USB_OTG_DriveVbus)
    USB_OTG_EnableGlobalInt                  0x0800801b   Thumb Code    34  usb_core.o(i.USB_OTG_EnableGlobalInt)
    USB_OTG_EnableHostInt                    0x0800803d   Thumb Code   116  usb_core.o(i.USB_OTG_EnableHostInt)
    USB_OTG_FlushRxFifo                      0x080080b1   Thumb Code    70  usb_core.o(i.USB_OTG_FlushRxFifo)
    USB_OTG_FlushTxFifo                      0x080080fd   Thumb Code    80  usb_core.o(i.USB_OTG_FlushTxFifo)
    USB_OTG_GetMode                          0x08008151   Thumb Code    12  usb_core.o(i.USB_OTG_GetMode)
    USB_OTG_HC_DoPing                        0x0800815d   Thumb Code    90  usb_core.o(i.USB_OTG_HC_DoPing)
    USB_OTG_HC_Halt                          0x080081b7   Thumb Code   130  usb_core.o(i.USB_OTG_HC_Halt)
    USB_OTG_HC_Init                          0x08008239   Thumb Code   568  usb_core.o(i.USB_OTG_HC_Init)
    USB_OTG_HC_StartXfer                     0x08008471   Thumb Code   502  usb_core.o(i.USB_OTG_HC_StartXfer)
    USB_OTG_InitFSLSPClkSel                  0x08008667   Thumb Code    24  usb_core.o(i.USB_OTG_InitFSLSPClkSel)
    USB_OTG_IsEvenFrame                      0x0800867f   Thumb Code    16  usb_core.o(i.USB_OTG_IsEvenFrame)
    USB_OTG_IsHostMode                       0x0800868f   Thumb Code    20  usb_core.o(i.USB_OTG_IsHostMode)
    USB_OTG_ReadCoreItr                      0x080086a3   Thumb Code    16  usb_core.o(i.USB_OTG_ReadCoreItr)
    USB_OTG_ReadHPRT0                        0x080086b3   Thumb Code    48  usb_core.o(i.USB_OTG_ReadHPRT0)
    USB_OTG_ReadHostAllChannels_intr         0x080086e3   Thumb Code     8  usb_core.o(i.USB_OTG_ReadHostAllChannels_intr)
    USB_OTG_ReadPacket                       0x080086eb   Thumb Code    40  usb_core.o(i.USB_OTG_ReadPacket)
    USB_OTG_ResetPort                        0x08008713   Thumb Code    64  usb_core.o(i.USB_OTG_ResetPort)
    USB_OTG_SelectCore                       0x08008755   Thumb Code   210  usb_core.o(i.USB_OTG_SelectCore)
    USB_OTG_SetCurrentMode                   0x0800882d   Thumb Code    78  usb_core.o(i.USB_OTG_SetCurrentMode)
    USB_OTG_WritePacket                      0x0800964d   Thumb Code    64  usb_core.o(i.USB_OTG_WritePacket)
    UsageFault_Handler                       0x080096a5   Thumb Code     4  stm32fxxx_it.o(i.UsageFault_Handler)
    Usart3_Init                              0x080096a9   Thumb Code    16  dwin.o(i.Usart3_Init)
    Usart6_Init                              0x080096b9   Thumb Code    20  sensor.o(i.Usart6_Init)
    __ARM_fpclassify                         0x0800996d   Thumb Code    48  fpclassify.o(i.__ARM_fpclassify)
    __hardfp_pow                             0x080099a1   Thumb Code  3072  pow.o(i.__hardfp_pow)
    __kernel_poly                            0x0800a5f1   Thumb Code   248  poly.o(i.__kernel_poly)
    __mathlib_dbl_divzero                    0x0800a6e9   Thumb Code    28  dunder.o(i.__mathlib_dbl_divzero)
    __mathlib_dbl_infnan2                    0x0800a719   Thumb Code    20  dunder.o(i.__mathlib_dbl_infnan2)
    __mathlib_dbl_invalid                    0x0800a731   Thumb Code    24  dunder.o(i.__mathlib_dbl_invalid)
    __mathlib_dbl_overflow                   0x0800a751   Thumb Code    24  dunder.o(i.__mathlib_dbl_overflow)
    __mathlib_dbl_underflow                  0x0800a771   Thumb Code    24  dunder.o(i.__mathlib_dbl_underflow)
    _is_digit                                0x0800a791   Thumb Code    14  __printf_wp.o(i._is_digit)
    chk_mounted                              0x0800a845   Thumb Code   726  ff.o(i.chk_mounted)
    clust2sect                               0x0800ab2d   Thumb Code    26  ff.o(i.clust2sect)
    disk_initialize                          0x0800b3e5   Thumb Code    52  diskio.o(i.disk_initialize)
    disk_ioctl                               0x0800b421   Thumb Code    92  diskio.o(i.disk_ioctl)
    disk_read                                0x0800b485   Thumb Code   148  diskio.o(i.disk_read)
    disk_status                              0x0800b525   Thumb Code    20  diskio.o(i.disk_status)
    disk_write                               0x0800b539   Thumb Code   170  diskio.o(i.disk_write)
    f_close                                  0x0800b5f1   Thumb Code    22  ff.o(i.f_close)
    f_getfree                                0x0800b607   Thumb Code   276  ff.o(i.f_getfree)
    f_lseek                                  0x0800b71b   Thumb Code   448  ff.o(i.f_lseek)
    f_mount                                  0x0800b8dd   Thumb Code    38  ff.o(i.f_mount)
    f_open                                   0x0800b909   Thumb Code   404  ff.o(i.f_open)
    f_read                                   0x0800baa1   Thumb Code   466  ff.o(i.f_read)
    f_sync                                   0x0800bc73   Thumb Code   184  ff.o(i.f_sync)
    f_unlink                                 0x0800bd2d   Thumb Code   190  ff.o(i.f_unlink)
    f_write                                  0x0800bdf1   Thumb Code   528  ff.o(i.f_write)
    fabs                                     0x0800c001   Thumb Code    24  fabs.o(i.fabs)
    ff_convert                               0x0800c019   Thumb Code    70  ccsbcs.o(i.ff_convert)
    ff_wtoupper                              0x0800c065   Thumb Code    46  ccsbcs.o(i.ff_wtoupper)
    gen_numname                              0x0800c1b7   Thumb Code   144  ff.o(i.gen_numname)
    get_fat                                  0x0800c247   Thumb Code   274  ff.o(i.get_fat)
    get_fattime                              0x0800c359   Thumb Code     4  fattime.o(i.get_fattime)
    led_shining                              0x0800c46d   Thumb Code    68  main.o(i.led_shining)
    main                                     0x0800c4bd   Thumb Code   126  main.o(i.main)
    put_fat                                  0x0800c6c5   Thumb Code   326  ff.o(i.put_fat)
    sqrt                                     0x0800c8ed   Thumb Code   110  sqrt.o(i.sqrt)
    _get_lc_numeric                          0x0800ca71   Thumb Code    44  lc_numeric_c.o(locale$$code)
    _get_lc_ctype                            0x0800ca9d   Thumb Code    44  lc_ctype_c.o(locale$$code)
    __aeabi_dneg                             0x0800cac9   Thumb Code     0  basic.o(x$fpl$basic)
    _dneg                                    0x0800cac9   Thumb Code     6  basic.o(x$fpl$basic)
    __aeabi_fneg                             0x0800cacf   Thumb Code     0  basic.o(x$fpl$basic)
    _fneg                                    0x0800cacf   Thumb Code     6  basic.o(x$fpl$basic)
    _dabs                                    0x0800cad5   Thumb Code     6  basic.o(x$fpl$basic)
    _fabs                                    0x0800cadb   Thumb Code     6  basic.o(x$fpl$basic)
    __aeabi_d2f                              0x0800cae1   Thumb Code     0  d2f.o(x$fpl$d2f)
    _d2f                                     0x0800cae1   Thumb Code    98  d2f.o(x$fpl$d2f)
    __aeabi_dadd                             0x0800cb45   Thumb Code     0  daddsub_clz.o(x$fpl$dadd)
    _dadd                                    0x0800cb45   Thumb Code   332  daddsub_clz.o(x$fpl$dadd)
    __fpl_dcheck_NaN1                        0x0800cc95   Thumb Code    10  dcheck1.o(x$fpl$dcheck1)
    __fpl_dcmp_Inf                           0x0800cca5   Thumb Code    24  dcmpi.o(x$fpl$dcmpinf)
    __aeabi_ddiv                             0x0800ccbd   Thumb Code     0  ddiv.o(x$fpl$ddiv)
    _ddiv                                    0x0800ccbd   Thumb Code   552  ddiv.o(x$fpl$ddiv)
    __aeabi_i2d                              0x0800cf6d   Thumb Code     0  dflt_clz.o(x$fpl$dflt)
    _dflt                                    0x0800cf6d   Thumb Code    46  dflt_clz.o(x$fpl$dflt)
    __aeabi_ui2d                             0x0800cf9b   Thumb Code     0  dflt_clz.o(x$fpl$dfltu)
    _dfltu                                   0x0800cf9b   Thumb Code    38  dflt_clz.o(x$fpl$dfltu)
    __aeabi_cdcmple                          0x0800cfc1   Thumb Code     0  dleqf.o(x$fpl$dleqf)
    _dcmple                                  0x0800cfc1   Thumb Code   120  dleqf.o(x$fpl$dleqf)
    __fpl_dcmple_InfNaN                      0x0800d023   Thumb Code     0  dleqf.o(x$fpl$dleqf)
    __aeabi_dmul                             0x0800d039   Thumb Code     0  dmul.o(x$fpl$dmul)
    _dmul                                    0x0800d039   Thumb Code   332  dmul.o(x$fpl$dmul)
    __fpl_dnaninf                            0x0800d18d   Thumb Code   156  dnaninf.o(x$fpl$dnaninf)
    __fpl_dretinf                            0x0800d229   Thumb Code    12  dretinf.o(x$fpl$dretinf)
    __aeabi_cdrcmple                         0x0800d235   Thumb Code     0  drleqf.o(x$fpl$drleqf)
    _drcmple                                 0x0800d235   Thumb Code   108  drleqf.o(x$fpl$drleqf)
    __aeabi_drsub                            0x0800d2a1   Thumb Code     0  daddsub_clz.o(x$fpl$drsb)
    _drsb                                    0x0800d2a1   Thumb Code    22  daddsub_clz.o(x$fpl$drsb)
    _dsqrt                                   0x0800d2b9   Thumb Code   404  dsqrt_umaal.o(x$fpl$dsqrt)
    __aeabi_dsub                             0x0800d451   Thumb Code     0  daddsub_clz.o(x$fpl$dsub)
    _dsub                                    0x0800d451   Thumb Code   464  daddsub_clz.o(x$fpl$dsub)
    __aeabi_f2d                              0x0800d625   Thumb Code     0  f2d.o(x$fpl$f2d)
    _f2d                                     0x0800d625   Thumb Code    86  f2d.o(x$fpl$f2d)
    __fpl_fnaninf                            0x0800d67b   Thumb Code   140  fnaninf.o(x$fpl$fnaninf)
    _fp_init                                 0x0800d707   Thumb Code    10  fpinit.o(x$fpl$fpinit)
    __fplib_config_fpu_vfp                   0x0800d70f   Thumb Code     0  fpinit.o(x$fpl$fpinit)
    __fplib_config_pureend_doubles           0x0800d70f   Thumb Code     0  fpinit.o(x$fpl$fpinit)
    __fpl_fretinf                            0x0800d711   Thumb Code    10  fretinf.o(x$fpl$fretinf)
    _printf_fp_dec                           0x0800d71b   Thumb Code     4  printf1.o(x$fpl$printf1)
    _printf_fp_hex                           0x0800d71f   Thumb Code     4  printf2.o(x$fpl$printf2)
    __fpl_return_NaN                         0x0800d723   Thumb Code   100  retnan.o(x$fpl$retnan)
    __ARM_scalbn                             0x0800d787   Thumb Code    92  scalbn.o(x$fpl$scalbn)
    __fpl_cmpreturn                          0x0800d7e3   Thumb Code    48  trapv.o(x$fpl$trapveneer)
    __I$use$fp                               0x0800d812   Number         0  usenofp.o(x$fpl$usenofp)
    __mathlib_zero                           0x0800de98   Data           8  qnan.o(.constdata)
    Region$$Table$$Base                      0x0800df5c   Number         0  anon$$obj.o(Region$$Table)
    Region$$Table$$Limit                     0x0800df7c   Number         0  anon$$obj.o(Region$$Table)
    __ctype                                  0x0800dfa5   Data           0  lc_ctype_c.o(locale$$data)
    SysTick_ms                               0x20000000   Data           4  main.o(.data)
    SysTick_ms_for_Usart3                    0x20000004   Data           4  main.o(.data)
    SysTick_ms_for_Dwin                      0x20000008   Data           4  main.o(.data)
    SysTick_ms_for_Battery                   0x2000000c   Data           4  main.o(.data)
    SysTick_ms_for_Flash                     0x20000010   Data           4  main.o(.data)
    led                                      0x20000018   Data           4  led.o(.data)
    SystemCoreClock                          0x2000001c   Data           4  system_stm32f4xx.o(.data)
    AHBPrescTable                            0x20000020   Data          16  system_stm32f4xx.o(.data)
    usart1                                   0x20000030   Data         136  usart.o(.data)
    Dwin_Page_to_Switch                      0x200000b8   Data           2  dwin.o(.data)
    Dwin_TrendLine_Points_Num                0x200000ba   Data           1  dwin.o(.data)
    gAverage_Current                         0x200000d4   Data           4  sensor.o(.data)
    gStable_Time                             0x200000d8   Data           2  sensor.o(.data)
    Battery                                  0x200000e4   Data           6  battery.o(.data)
    counter                                  0x200000ec   Data           4  sd_card.o(.data)
    StopCondition                            0x20000100   Data           4  stm324xg_eval_sdio_sd.o(.data)
    TransferError                            0x20000104   Data           1  stm324xg_eval_sdio_sd.o(.data)
    TransferEnd                              0x20000108   Data           4  stm324xg_eval_sdio_sd.o(.data)
    DMAEndOfTransfer                         0x2000010c   Data           4  stm324xg_eval_sdio_sd.o(.data)
    HSEStartUpStatus                         0x20000110   Data           1  usb_bsp.o(.data)
    BSP_delay                                0x20000114   Data           4  usb_bsp.o(.data)
    USBH_HCD_INT_cb                          0x20000118   Data          12  usbh_core.o(.data)
    USBH_HCD_INT_fops                        0x20000124   Data           4  usbh_core.o(.data)
    MSC_Setup                                0x20000140   Data           8  usbh_msc_core.o(.data)
    MSCErrorCount                            0x20000148   Data           1  usbh_msc_core.o(.data)
    USBH_MSC_cb                              0x2000014c   Data          16  usbh_msc_core.o(.data)
    USBH_USR_ApplicationState                0x20000164   Data           1  usbh_usr.o(.data)
    USR_cb                                   0x20000168   Data          72  usbh_usr.o(.data)
    USB_Host                                 0x200001d0   Data         132  main.o(.bss)
    USB_OTG_Core                             0x20000254   Data        1452  main.o(.bss)
    Dwin_Measurements                        0x20000800   Data          32  dwin.o(.bss)
    Dwin_Commands                            0x20000820   Data          16  dwin.o(.bss)
    Dwin_PostedCommands                      0x20000830   Data          16  dwin.o(.bss)
    Dwin_Settings                            0x20000840   Data          48  dwin.o(.bss)
    Dwin_Default_Settings                    0x20000870   Data          48  dwin.o(.bss)
    Dwin_RTC                                 0x200008a0   Data          27  dwin.o(.bss)
    Dwin_TrendLine_Buff                      0x200008bc   Data         200  dwin.o(.bss)
    I2C1_ParamStructure                      0x20000a94   Data          16  battery.o(.bss)
    I2C1_Buff                                0x20000aa4   Data          10  battery.o(.bss)
    read_buffer                              0x20000aae   Data         128  sd_card.o(.bss)
    SDCardInfo                               0x20000b60   Data          88  stm324xg_eval_sdio_sd.o(.bss)
    SDIO_InitStructure                       0x20000bb8   Data          24  stm324xg_eval_sdio_sd.o(.bss)
    SDIO_CmdInitStructure                    0x20000bd0   Data          20  stm324xg_eval_sdio_sd.o(.bss)
    SDIO_DataInitStructure                   0x20000be4   Data          24  stm324xg_eval_sdio_sd.o(.bss)
    USBH_MSC_CBWData                         0x20000bfc   Data          32  usbh_msc_bot.o(.bss)
    USBH_MSC_CSWData                         0x20000c1c   Data          16  usbh_msc_bot.o(.bss)
    USBH_MSC_BOTXferParam                    0x20000c2c   Data          16  usbh_msc_bot.o(.bss)
    MSC_Machine                              0x20000c3c   Data         522  usbh_msc_core.o(.bss)
    USBH_MSC_Param                           0x20000e48   Data          16  usbh_msc_scsi.o(.bss)
    USBH_DataInBuffer                        0x20000e58   Data         512  usbh_msc_scsi.o(.bss)
    USBH_DataOutBuffer                       0x20001058   Data         512  usbh_msc_scsi.o(.bss)
    USBH_CfgDesc                             0x20001258   Data         512  usbh_stdreq.o(.bss)
    fatfs                                    0x20001458   Data         560  usbh_usr.o(.bss)
    file                                     0x20001688   Data         548  usbh_usr.o(.bss)
    __libspace_start                         0x20001aac   Data          96  libspace.o(.bss)
    __temporary_stack_top$libspace           0x20001b0c   Data           0  libspace.o(.bss)



==============================================================================

Memory Map of the image

  Image Entry point : 0x08000189

  Load Region LR_IROM1 (Base: 0x08000000, Size: 0x0000e278, Max: 0x00100000, ABSOLUTE, COMPRESSED[0x0000e13c])

    Execution Region ER_IROM1 (Base: 0x08000000, Size: 0x0000e0a8, Max: 0x00100000, ABSOLUTE)

    Base Addr    Size         Type   Attr      Idx    E Section Name        Object

    0x08000000   0x00000188   Data   RO          131    RESET               startup_stm32f40_41xxx.o
    0x08000188   0x00000008   Code   RO         5017  * !!!main             c_w.l(__main.o)
    0x08000190   0x00000034   Code   RO         5444    !!!scatter          c_w.l(__scatter.o)
    0x080001c4   0x0000005a   Code   RO         5442    !!dczerorl2         c_w.l(__dczerorl2.o)
    0x0800021e   0x00000002   PAD
    0x08000220   0x0000001c   Code   RO         5446    !!handler_zi        c_w.l(__scatter_zi.o)
    0x0800023c   0x00000000   Code   RO         5135    .ARM.Collect$$_printf_percent$$00000000  c_w.l(_printf_percent.o)
    0x0800023c   0x00000006   Code   RO         5124    .ARM.Collect$$_printf_percent$$00000001  c_w.l(_printf_n.o)
    0x08000242   0x00000006   Code   RO         5126    .ARM.Collect$$_printf_percent$$00000002  c_w.l(_printf_p.o)
    0x08000248   0x00000006   Code   RO         5131    .ARM.Collect$$_printf_percent$$00000003  c_w.l(_printf_f.o)
    0x0800024e   0x00000006   Code   RO         5132    .ARM.Collect$$_printf_percent$$00000004  c_w.l(_printf_e.o)
    0x08000254   0x00000006   Code   RO         5133    .ARM.Collect$$_printf_percent$$00000005  c_w.l(_printf_g.o)
    0x0800025a   0x00000006   Code   RO         5134    .ARM.Collect$$_printf_percent$$00000006  c_w.l(_printf_a.o)
    0x08000260   0x0000000a   Code   RO         5139    .ARM.Collect$$_printf_percent$$00000007  c_w.l(_printf_ll.o)
    0x0800026a   0x00000006   Code   RO         5128    .ARM.Collect$$_printf_percent$$00000008  c_w.l(_printf_i.o)
    0x08000270   0x00000006   Code   RO         5129    .ARM.Collect$$_printf_percent$$00000009  c_w.l(_printf_d.o)
    0x08000276   0x00000006   Code   RO         5130    .ARM.Collect$$_printf_percent$$0000000A  c_w.l(_printf_u.o)
    0x0800027c   0x00000006   Code   RO         5127    .ARM.Collect$$_printf_percent$$0000000B  c_w.l(_printf_o.o)
    0x08000282   0x00000006   Code   RO         5125    .ARM.Collect$$_printf_percent$$0000000C  c_w.l(_printf_x.o)
    0x08000288   0x00000006   Code   RO         5136    .ARM.Collect$$_printf_percent$$0000000D  c_w.l(_printf_lli.o)
    0x0800028e   0x00000006   Code   RO         5137    .ARM.Collect$$_printf_percent$$0000000E  c_w.l(_printf_lld.o)
    0x08000294   0x00000006   Code   RO         5138    .ARM.Collect$$_printf_percent$$0000000F  c_w.l(_printf_llu.o)
    0x0800029a   0x00000006   Code   RO         5143    .ARM.Collect$$_printf_percent$$00000010  c_w.l(_printf_llo.o)
    0x080002a0   0x00000006   Code   RO         5144    .ARM.Collect$$_printf_percent$$00000011  c_w.l(_printf_llx.o)
    0x080002a6   0x0000000a   Code   RO         5140    .ARM.Collect$$_printf_percent$$00000012  c_w.l(_printf_l.o)
    0x080002b0   0x00000006   Code   RO         5122    .ARM.Collect$$_printf_percent$$00000013  c_w.l(_printf_c.o)
    0x080002b6   0x00000006   Code   RO         5123    .ARM.Collect$$_printf_percent$$00000014  c_w.l(_printf_s.o)
    0x080002bc   0x00000006   Code   RO         5141    .ARM.Collect$$_printf_percent$$00000015  c_w.l(_printf_lc.o)
    0x080002c2   0x00000006   Code   RO         5142    .ARM.Collect$$_printf_percent$$00000016  c_w.l(_printf_ls.o)
    0x080002c8   0x00000004   Code   RO         5244    .ARM.Collect$$_printf_percent$$00000017  c_w.l(_printf_percent_end.o)
    0x080002cc   0x00000002   Code   RO         5302    .ARM.Collect$$libinit$$00000000  c_w.l(libinit.o)
    0x080002ce   0x00000004   Code   RO         5316    .ARM.Collect$$libinit$$00000001  c_w.l(libinit2.o)
    0x080002d2   0x00000000   Code   RO         5319    .ARM.Collect$$libinit$$00000004  c_w.l(libinit2.o)
    0x080002d2   0x00000000   Code   RO         5322    .ARM.Collect$$libinit$$0000000A  c_w.l(libinit2.o)
    0x080002d2   0x00000000   Code   RO         5324    .ARM.Collect$$libinit$$0000000C  c_w.l(libinit2.o)
    0x080002d2   0x00000000   Code   RO         5326    .ARM.Collect$$libinit$$0000000E  c_w.l(libinit2.o)
    0x080002d2   0x00000006   Code   RO         5327    .ARM.Collect$$libinit$$0000000F  c_w.l(libinit2.o)
    0x080002d8   0x00000000   Code   RO         5329    .ARM.Collect$$libinit$$00000011  c_w.l(libinit2.o)
    0x080002d8   0x0000000c   Code   RO         5330    .ARM.Collect$$libinit$$00000012  c_w.l(libinit2.o)
    0x080002e4   0x00000000   Code   RO         5331    .ARM.Collect$$libinit$$00000013  c_w.l(libinit2.o)
    0x080002e4   0x00000000   Code   RO         5333    .ARM.Collect$$libinit$$00000015  c_w.l(libinit2.o)
    0x080002e4   0x0000000a   Code   RO         5334    .ARM.Collect$$libinit$$00000016  c_w.l(libinit2.o)
    0x080002ee   0x00000000   Code   RO         5335    .ARM.Collect$$libinit$$00000017  c_w.l(libinit2.o)
    0x080002ee   0x00000000   Code   RO         5337    .ARM.Collect$$libinit$$00000019  c_w.l(libinit2.o)
    0x080002ee   0x00000000   Code   RO         5339    .ARM.Collect$$libinit$$0000001B  c_w.l(libinit2.o)
    0x080002ee   0x00000000   Code   RO         5341    .ARM.Collect$$libinit$$0000001D  c_w.l(libinit2.o)
    0x080002ee   0x00000000   Code   RO         5343    .ARM.Collect$$libinit$$0000001F  c_w.l(libinit2.o)
    0x080002ee   0x00000000   Code   RO         5345    .ARM.Collect$$libinit$$00000021  c_w.l(libinit2.o)
    0x080002ee   0x00000000   Code   RO         5347    .ARM.Collect$$libinit$$00000023  c_w.l(libinit2.o)
    0x080002ee   0x00000000   Code   RO         5349    .ARM.Collect$$libinit$$00000025  c_w.l(libinit2.o)
    0x080002ee   0x00000000   Code   RO         5353    .ARM.Collect$$libinit$$0000002C  c_w.l(libinit2.o)
    0x080002ee   0x00000000   Code   RO         5355    .ARM.Collect$$libinit$$0000002E  c_w.l(libinit2.o)
    0x080002ee   0x00000000   Code   RO         5357    .ARM.Collect$$libinit$$00000030  c_w.l(libinit2.o)
    0x080002ee   0x00000000   Code   RO         5359    .ARM.Collect$$libinit$$00000032  c_w.l(libinit2.o)
    0x080002ee   0x00000002   Code   RO         5360    .ARM.Collect$$libinit$$00000033  c_w.l(libinit2.o)
    0x080002f0   0x00000002   Code   RO         5382    .ARM.Collect$$libshutdown$$00000000  c_w.l(libshutdown.o)
    0x080002f2   0x00000000   Code   RO         5395    .ARM.Collect$$libshutdown$$00000002  c_w.l(libshutdown2.o)
    0x080002f2   0x00000000   Code   RO         5397    .ARM.Collect$$libshutdown$$00000004  c_w.l(libshutdown2.o)
    0x080002f2   0x00000000   Code   RO         5400    .ARM.Collect$$libshutdown$$00000007  c_w.l(libshutdown2.o)
    0x080002f2   0x00000000   Code   RO         5403    .ARM.Collect$$libshutdown$$0000000A  c_w.l(libshutdown2.o)
    0x080002f2   0x00000000   Code   RO         5405    .ARM.Collect$$libshutdown$$0000000C  c_w.l(libshutdown2.o)
    0x080002f2   0x00000000   Code   RO         5408    .ARM.Collect$$libshutdown$$0000000F  c_w.l(libshutdown2.o)
    0x080002f2   0x00000002   Code   RO         5409    .ARM.Collect$$libshutdown$$00000010  c_w.l(libshutdown2.o)
    0x080002f4   0x00000000   Code   RO         5051    .ARM.Collect$$rtentry$$00000000  c_w.l(__rtentry.o)
    0x080002f4   0x00000000   Code   RO         5210    .ARM.Collect$$rtentry$$00000002  c_w.l(__rtentry2.o)
    0x080002f4   0x00000006   Code   RO         5222    .ARM.Collect$$rtentry$$00000004  c_w.l(__rtentry4.o)
    0x080002fa   0x00000000   Code   RO         5212    .ARM.Collect$$rtentry$$00000009  c_w.l(__rtentry2.o)
    0x080002fa   0x00000004   Code   RO         5213    .ARM.Collect$$rtentry$$0000000A  c_w.l(__rtentry2.o)
    0x080002fe   0x00000000   Code   RO         5215    .ARM.Collect$$rtentry$$0000000C  c_w.l(__rtentry2.o)
    0x080002fe   0x00000008   Code   RO         5216    .ARM.Collect$$rtentry$$0000000D  c_w.l(__rtentry2.o)
    0x08000306   0x00000002   Code   RO         5309    .ARM.Collect$$rtexit$$00000000  c_w.l(rtexit.o)
    0x08000308   0x00000000   Code   RO         5364    .ARM.Collect$$rtexit$$00000002  c_w.l(rtexit2.o)
    0x08000308   0x00000004   Code   RO         5365    .ARM.Collect$$rtexit$$00000003  c_w.l(rtexit2.o)
    0x0800030c   0x00000006   Code   RO         5366    .ARM.Collect$$rtexit$$00000004  c_w.l(rtexit2.o)
    0x08000312   0x00000002   PAD
    0x08000314   0x00000040   Code   RO          132    .text               startup_stm32f40_41xxx.o
    0x08000354   0x00000024   Code   RO         5007    .text               c_w.l(vsprintf.o)
    0x08000378   0x0000008a   Code   RO         5009    .text               c_w.l(rt_memcpy_v6.o)
    0x08000402   0x00000064   Code   RO         5011    .text               c_w.l(rt_memcpy_w.o)
    0x08000466   0x0000004e   Code   RO         5013    .text               c_w.l(rt_memclr_w.o)
    0x080004b4   0x00000006   Code   RO         5015    .text               c_w.l(heapauxi.o)
    0x080004ba   0x00000016   Code   RO         5052    .text               c_w.l(_rserrno.o)
    0x080004d0   0x0000004e   Code   RO         5056    .text               c_w.l(_printf_pad.o)
    0x0800051e   0x00000024   Code   RO         5058    .text               c_w.l(_printf_truncate.o)
    0x08000542   0x00000052   Code   RO         5060    .text               c_w.l(_printf_str.o)
    0x08000594   0x00000078   Code   RO         5062    .text               c_w.l(_printf_dec.o)
    0x0800060c   0x00000028   Code   RO         5064    .text               c_w.l(_printf_charcount.o)
    0x08000634   0x00000030   Code   RO         5066    .text               c_w.l(_printf_char_common.o)
    0x08000664   0x0000000a   Code   RO         5068    .text               c_w.l(_sputc.o)
    0x0800066e   0x00000002   PAD
    0x08000670   0x000000bc   Code   RO         5070    .text               c_w.l(_printf_wctomb.o)
    0x0800072c   0x0000007c   Code   RO         5073    .text               c_w.l(_printf_longlong_dec.o)
    0x080007a8   0x00000070   Code   RO         5079    .text               c_w.l(_printf_oct_int_ll.o)
    0x08000818   0x00000094   Code   RO         5099    .text               c_w.l(_printf_hex_int_ll_ptr.o)
    0x080008ac   0x00000188   Code   RO         5119    .text               c_w.l(__printf_flags_ss_wp.o)
    0x08000a34   0x00000008   Code   RO         5227    .text               c_w.l(rt_errno_addr_intlibspace.o)
    0x08000a3c   0x0000008a   Code   RO         5229    .text               c_w.l(lludiv10.o)
    0x08000ac6   0x000000b2   Code   RO         5231    .text               c_w.l(_printf_intcommon.o)
    0x08000b78   0x0000041a   Code   RO         5233    .text               c_w.l(_printf_fp_dec.o)
    0x08000f92   0x00000002   PAD
    0x08000f94   0x000002fc   Code   RO         5235    .text               c_w.l(_printf_fp_hex.o)
    0x08001290   0x0000002c   Code   RO         5240    .text               c_w.l(_printf_char.o)
    0x080012bc   0x0000002c   Code   RO         5242    .text               c_w.l(_printf_wchar.o)
    0x080012e8   0x00000040   Code   RO         5245    .text               c_w.l(_wcrtomb.o)
    0x08001328   0x00000008   Code   RO         5253    .text               c_w.l(libspace.o)
    0x08001330   0x0000004a   Code   RO         5256    .text               c_w.l(sys_stackheap_outer.o)
    0x0800137a   0x00000002   PAD
    0x0800137c   0x00000010   Code   RO         5258    .text               c_w.l(rt_ctype_table.o)
    0x0800138c   0x00000008   Code   RO         5263    .text               c_w.l(rt_locale_intlibspace.o)
    0x08001394   0x00000080   Code   RO         5265    .text               c_w.l(_printf_fp_infnan.o)
    0x08001414   0x000000dc   Code   RO         5267    .text               c_w.l(bigflt0.o)
    0x080014f0   0x00000012   Code   RO         5295    .text               c_w.l(exit.o)
    0x08001502   0x00000002   PAD
    0x08001504   0x00000080   Code   RO         5314    .text               c_w.l(strcmpv7m.o)
    0x08001584   0x0000000c   Code   RO         5374    .text               c_w.l(sys_exit.o)
    0x08001590   0x00000002   Code   RO         5385    .text               c_w.l(use_no_semi.o)
    0x08001592   0x00000000   Code   RO         5387    .text               c_w.l(indicate_semi.o)
    0x08001592   0x0000003e   Code   RO         5270    CL$$btod_d2e        c_w.l(btod.o)
    0x080015d0   0x00000046   Code   RO         5272    CL$$btod_d2e_denorm_low  c_w.l(btod.o)
    0x08001616   0x00000060   Code   RO         5271    CL$$btod_d2e_norm_op1  c_w.l(btod.o)
    0x08001676   0x00000338   Code   RO         5280    CL$$btod_div_common  c_w.l(btod.o)
    0x080019ae   0x000000c6   Code   RO         5277    CL$$btod_e2e        c_w.l(btod.o)
    0x08001a74   0x00000028   Code   RO         5274    CL$$btod_ediv       c_w.l(btod.o)
    0x08001a9c   0x00000028   Code   RO         5273    CL$$btod_emul       c_w.l(btod.o)
    0x08001ac4   0x00000244   Code   RO         5279    CL$$btod_mult_common  c_w.l(btod.o)
    0x08001d08   0x0000002c   Code   RO         1283    i.BSP_Delay         usb_bsp.o
    0x08001d34   0x0000006a   Code   RO         1284    i.BSP_SetTime       usb_bsp.o
    0x08001d9e   0x00000002   PAD
    0x08001da0   0x000001b8   Code   RO          837    i.Battery_Process   battery.o
    0x08001f58   0x00000004   Code   RO          336    i.BusFault_Handler  stm32fxxx_it.o
    0x08001f5c   0x000000ac   Code   RO          544    i.Cal_Dwin_Display  dwin.o
    0x08002008   0x0000002c   Code   RO         1045    i.CmdError          stm324xg_eval_sdio_sd.o
    0x08002034   0x00000134   Code   RO         1046    i.CmdResp1Error     stm324xg_eval_sdio_sd.o
    0x08002168   0x0000004c   Code   RO         1047    i.CmdResp2Error     stm324xg_eval_sdio_sd.o
    0x080021b4   0x00000038   Code   RO         1048    i.CmdResp3Error     stm324xg_eval_sdio_sd.o
    0x080021ec   0x0000009c   Code   RO         1049    i.CmdResp6Error     stm324xg_eval_sdio_sd.o
    0x08002288   0x0000004c   Code   RO         1050    i.CmdResp7Error     stm324xg_eval_sdio_sd.o
    0x080022d4   0x00000008   Code   RO         1051    i.DMA2_Stream3_IRQHandler  stm324xg_eval_sdio_sd.o
    0x080022dc   0x00000034   Code   RO         4464    i.DMA_ClearFlag     stm32f4xx_dma.o
    0x08002310   0x00000016   Code   RO         4466    i.DMA_Cmd           stm32f4xx_dma.o
    0x08002326   0x00000002   PAD
    0x08002328   0x00000158   Code   RO         4467    i.DMA_DeInit        stm32f4xx_dma.o
    0x08002480   0x00000016   Code   RO         4470    i.DMA_FlowControllerConfig  stm32f4xx_dma.o
    0x08002496   0x0000003a   Code   RO         4477    i.DMA_ITConfig      stm32f4xx_dma.o
    0x080024d0   0x00000058   Code   RO         4478    i.DMA_Init          stm32f4xx_dma.o
    0x08002528   0x00000002   Code   RO          337    i.DebugMon_Handler  stm32fxxx_it.o
    0x0800252a   0x00000002   PAD
    0x0800252c   0x00000084   Code   RO          545    i.Decode_DwinRAM    dwin.o
    0x080025b0   0x00000070   Code   RO          546    i.Decode_DwinREG    dwin.o
    0x08002620   0x0000001c   Code   RO          547    i.Draw_Lines        dwin.o
    0x0800263c   0x00000030   Code   RO          548    i.Dwin_AddPoint     dwin.o
    0x0800266c   0x0000016c   Code   RO          549    i.Dwin_Process      dwin.o
    0x080027d8   0x00000048   Code   RO          550    i.Fill_Buff_for_ReadDwinRAM  dwin.o
    0x08002820   0x00000044   Code   RO          551    i.Fill_Buff_for_ReadDwinREG  dwin.o
    0x08002864   0x00000070   Code   RO          552    i.Fill_Buff_for_WriteDwinBuff  dwin.o
    0x080028d4   0x0000007c   Code   RO          553    i.Fill_Buff_for_WriteDwinRAM  dwin.o
    0x08002950   0x0000004c   Code   RO          554    i.Fill_Buff_for_WriteDwinREG16  dwin.o
    0x0800299c   0x00000194   Code   RO         1052    i.FindSCR           stm324xg_eval_sdio_sd.o
    0x08002b30   0x00000090   Code   RO         2397    i.GPIO_Init         stm32f4xx_gpio.o
    0x08002bc0   0x00000046   Code   RO         2398    i.GPIO_PinAFConfig  stm32f4xx_gpio.o
    0x08002c06   0x00000004   Code   RO         2404    i.GPIO_ResetBits    stm32f4xx_gpio.o
    0x08002c0a   0x00000004   Code   RO         2405    i.GPIO_SetBits      stm32f4xx_gpio.o
    0x08002c0e   0x0000003c   Code   RO          556    i.Get_CRC16         dwin.o
    0x08002c4a   0x00000002   PAD
    0x08002c4c   0x00000018   Code   RO          557    i.Get_Commands      dwin.o
    0x08002c64   0x00000018   Code   RO          558    i.Get_Settings      dwin.o
    0x08002c7c   0x000000d8   Code   RO          559    i.Get_System_Time   dwin.o
    0x08002d54   0x0000000a   Code   RO         1551    i.HCD_GetCurrentFrame  usb_hcd.o
    0x08002d5e   0x00000014   Code   RO         1552    i.HCD_GetCurrentSpeed  usb_hcd.o
    0x08002d72   0x0000000a   Code   RO         1554    i.HCD_GetURB_State  usb_hcd.o
    0x08002d7c   0x0000000c   Code   RO         1555    i.HCD_GetXferCnt    usb_hcd.o
    0x08002d88   0x00000060   Code   RO         1557    i.HCD_Init          usb_hcd.o
    0x08002de8   0x00000008   Code   RO         1558    i.HCD_IsDeviceConnected  usb_hcd.o
    0x08002df0   0x0000000e   Code   RO         1559    i.HCD_ResetPort     usb_hcd.o
    0x08002dfe   0x00000020   Code   RO         1560    i.HCD_SubmitRequest  usb_hcd.o
    0x08002e1e   0x00000004   Code   RO          338    i.HardFault_Handler  stm32fxxx_it.o
    0x08002e22   0x00000002   PAD
    0x08002e24   0x00000014   Code   RO          838    i.I2C1_EV_IRQHandler  battery.o
    0x08002e38   0x000000dc   Code   RO          839    i.I2C1_Init         battery.o
    0x08002f14   0x0000006c   Code   RO          840    i.I2C1_Read         battery.o
    0x08002f80   0x000000b0   Code   RO          841    i.I2C1_RxIRQ        battery.o
    0x08003030   0x000000c8   Code   RO          842    i.I2C1_TxIRQ        battery.o
    0x080030f8   0x00000068   Code   RO          843    i.I2C1_Write        battery.o
    0x08003160   0x00000018   Code   RO         3781    i.I2C_AcknowledgeConfig  stm32f4xx_i2c.o
    0x08003178   0x00000018   Code   RO         3787    i.I2C_Cmd           stm32f4xx_i2c.o
    0x08003190   0x00000060   Code   RO         3790    i.I2C_DeInit        stm32f4xx_i2c.o
    0x080031f0   0x00000018   Code   RO         3795    i.I2C_GenerateSTART  stm32f4xx_i2c.o
    0x08003208   0x00000018   Code   RO         3796    i.I2C_GenerateSTOP  stm32f4xx_i2c.o
    0x08003220   0x0000001a   Code   RO         3799    i.I2C_GetLastEvent  stm32f4xx_i2c.o
    0x0800323a   0x00000012   Code   RO         3801    i.I2C_ITConfig      stm32f4xx_i2c.o
    0x0800324c   0x000000e8   Code   RO         3802    i.I2C_Init          stm32f4xx_i2c.o
    0x08003334   0x00000008   Code   RO         3807    i.I2C_ReceiveData   stm32f4xx_i2c.o
    0x0800333c   0x00000010   Code   RO         3809    i.I2C_Send7bitAddress  stm32f4xx_i2c.o
    0x0800334c   0x00000004   Code   RO         3810    i.I2C_SendData      stm32f4xx_i2c.o
    0x08003350   0x0000002c   Code   RO          844    i.Init_LT2943       battery.o
    0x0800337c   0x00000018   Code   RO          561    i.Init_Settings     dwin.o
    0x08003394   0x00000068   Code   RO          139    i.Init_Systick      main.o
    0x080033fc   0x00000040   Code   RO          562    i.Init_Usart3       dwin.o
    0x0800343c   0x00000064   Code   RO          563    i.Init_Usart3_GPIO  dwin.o
    0x080034a0   0x00000020   Code   RO          564    i.Init_Usart3_NVIC  dwin.o
    0x080034c0   0x00000040   Code   RO          764    i.Init_Usart6       sensor.o
    0x08003500   0x00000090   Code   RO          765    i.Init_Usart6_GPIO  sensor.o
    0x08003590   0x00000020   Code   RO          766    i.Init_Usart6_NVIC  sensor.o
    0x080035b0   0x00000030   Code   RO          565    i.Is_AutoAnswer_Right  dwin.o
    0x080035e0   0x00000004   Code   RO          339    i.MemManage_Handler  stm32fxxx_it.o
    0x080035e4   0x00000002   Code   RO          340    i.NMI_Handler       stm32fxxx_it.o
    0x080035e6   0x00000002   PAD
    0x080035e8   0x00000078   Code   RO         2348    i.NVIC_Init         misc.o
    0x08003660   0x00000014   Code   RO         2349    i.NVIC_PriorityGroupConfig  misc.o
    0x08003674   0x00000090   Code   RO          905    i.Num16_to_ASIC     sd_card.o
    0x08003704   0x00000010   Code   RO          341    i.OTG_HS_IRQHandler  stm32fxxx_it.o
    0x08003714   0x00000002   Code   RO          342    i.PendSV_Handler    stm32fxxx_it.o
    0x08003716   0x00000002   PAD
    0x08003718   0x0000008c   Code   RO          566    i.Post_Commands     dwin.o
    0x080037a4   0x00000020   Code   RO         2624    i.RCC_AHB1PeriphClockCmd  stm32f4xx_rcc.o
    0x080037c4   0x00000020   Code   RO         2633    i.RCC_APB1PeriphClockCmd  stm32f4xx_rcc.o
    0x080037e4   0x00000020   Code   RO         2635    i.RCC_APB1PeriphResetCmd  stm32f4xx_rcc.o
    0x08003804   0x00000020   Code   RO         2636    i.RCC_APB2PeriphClockCmd  stm32f4xx_rcc.o
    0x08003824   0x00000020   Code   RO         2638    i.RCC_APB2PeriphResetCmd  stm32f4xx_rcc.o
    0x08003844   0x000000e8   Code   RO         2645    i.RCC_GetClocksFreq  stm32f4xx_rcc.o
    0x0800392c   0x000000dc   Code   RO          567    i.Read_Dwin_RAM     dwin.o
    0x08003a08   0x000000dc   Code   RO          568    i.Read_Dwin_REG     dwin.o
    0x08003ae4   0x0000002c   Code   RO          767    i.Read_Usart6_RBuff  sensor.o
    0x08003b10   0x00000018   Code   RO          569    i.Reset_Commands    dwin.o
    0x08003b28   0x0000011c   Code   RO         1054    i.SDEnWideBus       stm324xg_eval_sdio_sd.o
    0x08003c44   0x0000000c   Code   RO         4267    i.SDIO_ClearFlag    stm32f4xx_sdio.o
    0x08003c50   0x0000000c   Code   RO         4268    i.SDIO_ClearITPendingBit  stm32f4xx_sdio.o
    0x08003c5c   0x0000000c   Code   RO         4269    i.SDIO_ClockCmd     stm32f4xx_sdio.o
    0x08003c68   0x0000000c   Code   RO         4272    i.SDIO_DMACmd       stm32f4xx_sdio.o
    0x08003c74   0x00000034   Code   RO         4273    i.SDIO_DataConfig   stm32f4xx_sdio.o
    0x08003ca8   0x00000016   Code   RO         4275    i.SDIO_DeInit       stm32f4xx_sdio.o
    0x08003cbe   0x00000002   PAD
    0x08003cc0   0x0000000c   Code   RO         4276    i.SDIO_GetCommandResponse  stm32f4xx_sdio.o
    0x08003ccc   0x00000018   Code   RO         4279    i.SDIO_GetFlagStatus  stm32f4xx_sdio.o
    0x08003ce4   0x00000018   Code   RO         4280    i.SDIO_GetITStatus  stm32f4xx_sdio.o
    0x08003cfc   0x00000010   Code   RO         4281    i.SDIO_GetPowerState  stm32f4xx_sdio.o
    0x08003d0c   0x00000018   Code   RO         4282    i.SDIO_GetResponse  stm32f4xx_sdio.o
    0x08003d24   0x00000008   Code   RO         1055    i.SDIO_IRQHandler   stm324xg_eval_sdio_sd.o
    0x08003d2c   0x00000020   Code   RO         4283    i.SDIO_ITConfig     stm32f4xx_sdio.o
    0x08003d4c   0x00000030   Code   RO         4284    i.SDIO_Init         stm32f4xx_sdio.o
    0x08003d7c   0x0000000c   Code   RO         4285    i.SDIO_ReadData     stm32f4xx_sdio.o
    0x08003d88   0x0000002c   Code   RO         4287    i.SDIO_SendCommand  stm32f4xx_sdio.o
    0x08003db4   0x0000000c   Code   RO         4289    i.SDIO_SetPowerState  stm32f4xx_sdio.o
    0x08003dc0   0x00000028   Code   RO          906    i.SD_Delete_Data    sd_card.o
    0x08003de8   0x0000000c   Code   RO         1057    i.SD_Detect         stm324xg_eval_sdio_sd.o
    0x08003df4   0x00000094   Code   RO         1058    i.SD_EnableWideBusOperation  stm324xg_eval_sdio_sd.o
    0x08003e88   0x000002f8   Code   RO         1060    i.SD_GetCardInfo    stm324xg_eval_sdio_sd.o
    0x08004180   0x00000026   Code   RO         1062    i.SD_GetState       stm324xg_eval_sdio_sd.o
    0x080041a6   0x0000001e   Code   RO         1063    i.SD_GetStatus      stm324xg_eval_sdio_sd.o
    0x080041c4   0x00000054   Code   RO          907    i.SD_Get_FreeCap    sd_card.o
    0x08004218   0x000000bc   Code   RO         1065    i.SD_Init           stm324xg_eval_sdio_sd.o
    0x080042d4   0x0000013c   Code   RO         1066    i.SD_InitializeCards  stm324xg_eval_sdio_sd.o
    0x08004410   0x00000080   Code   RO          908    i.SD_Load_Settings  sd_card.o
    0x08004490   0x0000008c   Code   RO         1003    i.SD_LowLevel_DMA_RxConfig  stm324xg_eval.o
    0x0800451c   0x00000090   Code   RO         1004    i.SD_LowLevel_DMA_TxConfig  stm324xg_eval.o
    0x080045ac   0x000000a8   Code   RO         1006    i.SD_LowLevel_Init  stm324xg_eval.o
    0x08004654   0x000001a0   Code   RO         1068    i.SD_PowerON        stm324xg_eval_sdio_sd.o
    0x080047f4   0x00000040   Code   RO          909    i.SD_Process        sd_card.o
    0x08004834   0x00000028   Code   RO         1069    i.SD_ProcessDMAIRQ  stm324xg_eval_sdio_sd.o
    0x0800485c   0x000000ac   Code   RO         1070    i.SD_ProcessIRQSrc  stm324xg_eval_sdio_sd.o
    0x08004908   0x000000e8   Code   RO         1072    i.SD_ReadMultiBlocks  stm324xg_eval_sdio_sd.o
    0x080049f0   0x00000088   Code   RO          910    i.SD_Read_Default_Settings  sd_card.o
    0x08004a78   0x000001ec   Code   RO          911    i.SD_Read_Record    sd_card.o
    0x08004c64   0x000000d0   Code   RO          912    i.SD_Save_Data      sd_card.o
    0x08004d34   0x00000064   Code   RO          913    i.SD_Save_Settings  sd_card.o
    0x08004d98   0x00000034   Code   RO         1073    i.SD_SelectDeselect  stm324xg_eval_sdio_sd.o
    0x08004dcc   0x00000054   Code   RO         1075    i.SD_SendStatus     stm324xg_eval_sdio_sd.o
    0x08004e20   0x00000034   Code   RO         1076    i.SD_StopTransfer   stm324xg_eval_sdio_sd.o
    0x08004e54   0x0000007c   Code   RO         1077    i.SD_WaitReadOperation  stm324xg_eval_sdio_sd.o
    0x08004ed0   0x0000007c   Code   RO         1078    i.SD_WaitWriteOperation  stm324xg_eval_sdio_sd.o
    0x08004f4c   0x00000148   Code   RO         1080    i.SD_WriteMultiBlocks  stm324xg_eval_sdio_sd.o
    0x08005094   0x00000002   Code   RO          343    i.SVC_Handler       stm32fxxx_it.o
    0x08005096   0x00000002   PAD
    0x08005098   0x000005d0   Code   RO          768    i.Sensor_Process    sensor.o
    0x08005668   0x000000ec   Code   RO          428    i.SetSysClock       system_stm32f4xx.o
    0x08005754   0x0000002c   Code   RO          571    i.Start_Usart3_Receive  dwin.o
    0x08005780   0x00000040   Code   RO          572    i.Start_Usart3_Transmit  dwin.o
    0x080057c0   0x00000028   Code   RO          769    i.Start_Usart6_Receive  sensor.o
    0x080057e8   0x0000005e   Code   RO          914    i.String_to_uint16  sd_card.o
    0x08005846   0x00000012   Code   RO          573    i.Switch_Page       dwin.o
    0x08005858   0x00000008   Code   RO          344    i.SysTick_Handler   stm32fxxx_it.o
    0x08005860   0x00000060   Code   RO          140    i.SysTick_Timing    main.o
    0x080058c0   0x00000068   Code   RO          430    i.SystemInit        system_stm32f4xx.o
    0x08005928   0x00000008   Code   RO          345    i.TIM2_IRQHandler   stm32fxxx_it.o
    0x08005930   0x00000018   Code   RO         3218    i.TIM_ARRPreloadConfig  stm32f4xx_tim.o
    0x08005948   0x00000006   Code   RO         3225    i.TIM_ClearITPendingBit  stm32f4xx_tim.o
    0x0800594e   0x00000018   Code   RO         3230    i.TIM_Cmd           stm32f4xx_tim.o
    0x08005966   0x00000022   Code   RO         3251    i.TIM_GetITStatus   stm32f4xx_tim.o
    0x08005988   0x00000012   Code   RO         3255    i.TIM_ITConfig      stm32f4xx_tim.o
    0x0800599a   0x00000002   PAD
    0x0800599c   0x00000084   Code   RO         3302    i.TIM_TimeBaseInit  stm32f4xx_tim.o
    0x08005a20   0x00000064   Code   RO          469    i.USART1_IRQHandler  usart.o
    0x08005a84   0x000000bc   Code   RO          574    i.USART3_IRQHandler  dwin.o
    0x08005b40   0x00000020   Code   RO          770    i.USART6_IRQHandler  sensor.o
    0x08005b60   0x00000018   Code   RO         3026    i.USART_Cmd         stm32f4xx_usart.o
    0x08005b78   0x000000f0   Code   RO         3028    i.USART_DeInit      stm32f4xx_usart.o
    0x08005c68   0x0000001a   Code   RO         3029    i.USART_GetFlagStatus  stm32f4xx_usart.o
    0x08005c82   0x0000004a   Code   RO         3032    i.USART_ITConfig    stm32f4xx_usart.o
    0x08005ccc   0x000000d4   Code   RO         3033    i.USART_Init        stm32f4xx_usart.o
    0x08005da0   0x0000000a   Code   RO         3040    i.USART_ReceiveData  stm32f4xx_usart.o
    0x08005daa   0x00000008   Code   RO         3043    i.USART_SendData    stm32f4xx_usart.o
    0x08005db2   0x00000026   Code   RO         1780    i.USBH_Alloc_Channel  usbh_hcs.o
    0x08005dd8   0x00000060   Code   RO         1833    i.USBH_BulkReceiveData  usbh_ioreq.o
    0x08005e38   0x0000005e   Code   RO         1834    i.USBH_BulkSendData  usbh_ioreq.o
    0x08005e96   0x0000004c   Code   RO         2087    i.USBH_ClrFeature   usbh_stdreq.o
    0x08005ee2   0x0000000c   Code   RO         1703    i.USBH_Connected    usbh_core.o
    0x08005eee   0x00000046   Code   RO         1835    i.USBH_CtlReceiveData  usbh_ioreq.o
    0x08005f34   0x00000064   Code   RO         1836    i.USBH_CtlReq       usbh_ioreq.o
    0x08005f98   0x0000006e   Code   RO         1837    i.USBH_CtlSendData  usbh_ioreq.o
    0x08006006   0x00000042   Code   RO         1838    i.USBH_CtlSendSetup  usbh_ioreq.o
    0x08006048   0x0000001c   Code   RO         1781    i.USBH_DeAllocate_AllChannel  usbh_hcs.o
    0x08006064   0x0000003a   Code   RO         1704    i.USBH_DeInit       usbh_core.o
    0x0800609e   0x0000000c   Code   RO         1705    i.USBH_Disconnected  usbh_core.o
    0x080060aa   0x0000002e   Code   RO         1706    i.USBH_ErrorHandle  usbh_core.o
    0x080060d8   0x0000001e   Code   RO         1782    i.USBH_Free_Channel  usbh_hcs.o
    0x080060f6   0x00000044   Code   RO         2088    i.USBH_GetDescriptor  usbh_stdreq.o
    0x0800613a   0x00000028   Code   RO         1783    i.USBH_GetFreeChannel  usbh_hcs.o
    0x08006162   0x00000012   Code   RO         2089    i.USBH_GetNextDesc  usbh_stdreq.o
    0x08006174   0x0000005c   Code   RO         2090    i.USBH_Get_CfgDesc  usbh_stdreq.o
    0x080061d0   0x00000038   Code   RO         2091    i.USBH_Get_DevDesc  usbh_stdreq.o
    0x08006208   0x0000003c   Code   RO         2092    i.USBH_Get_StringDesc  usbh_stdreq.o
    0x08006244   0x00000224   Code   RO         1707    i.USBH_HandleControl  usbh_core.o
    0x08006468   0x000001dc   Code   RO         1708    i.USBH_HandleEnum   usbh_core.o
    0x08006644   0x00000044   Code   RO         1709    i.USBH_Init         usbh_core.o
    0x08006688   0x00000024   Code   RO         1965    i.USBH_MSC_BOTReset  usbh_msc_core.o
    0x080066ac   0x00000060   Code   RO         1916    i.USBH_MSC_BOT_Abort  usbh_msc_bot.o
    0x0800670c   0x00000014   Code   RO         1966    i.USBH_MSC_ClassRequest  usbh_msc_core.o
    0x08006720   0x00000080   Code   RO         1917    i.USBH_MSC_DecodeCSW  usbh_msc_bot.o
    0x080067a0   0x00000044   Code   RO         1967    i.USBH_MSC_ErrorHandle  usbh_msc_core.o
    0x080067e4   0x0000002c   Code   RO         1968    i.USBH_MSC_GETMaxLUN  usbh_msc_core.o
    0x08006810   0x000001a8   Code   RO         1969    i.USBH_MSC_Handle   usbh_msc_core.o
    0x080069b8   0x00000350   Code   RO         1918    i.USBH_MSC_HandleBOTXfer  usbh_msc_bot.o
    0x08006d08   0x00000044   Code   RO         1919    i.USBH_MSC_Init     usbh_msc_bot.o
    0x08006d4c   0x0000004c   Code   RO         1970    i.USBH_MSC_InterfaceDeInit  usbh_msc_core.o
    0x08006d98   0x000000d0   Code   RO         1971    i.USBH_MSC_InterfaceInit  usbh_msc_core.o
    0x08006e68   0x000000d0   Code   RO         2026    i.USBH_MSC_ModeSense6  usbh_msc_scsi.o
    0x08006f38   0x00000100   Code   RO         2027    i.USBH_MSC_Read10   usbh_msc_scsi.o
    0x08007038   0x000000dc   Code   RO         2028    i.USBH_MSC_ReadCapacity10  usbh_msc_scsi.o
    0x08007114   0x000000e0   Code   RO         2029    i.USBH_MSC_RequestSense  usbh_msc_scsi.o
    0x080071f4   0x000000b0   Code   RO         2030    i.USBH_MSC_TestUnitReady  usbh_msc_scsi.o
    0x080072a4   0x000000e4   Code   RO         2031    i.USBH_MSC_Write10  usbh_msc_scsi.o
    0x08007388   0x00000064   Code   RO         1784    i.USBH_Modify_Channel  usbh_hcs.o
    0x080073ec   0x000000a8   Code   RO         1629    i.USBH_OTG_ISR_Handler  usb_hcd_int.o
    0x08007494   0x0000009a   Code   RO         1785    i.USBH_Open_Channel  usbh_hcs.o
    0x0800752e   0x00000002   PAD
    0x08007530   0x0000011c   Code   RO         2093    i.USBH_ParseCfgDesc  usbh_stdreq.o
    0x0800764c   0x00000058   Code   RO         2094    i.USBH_ParseDevDesc  usbh_stdreq.o
    0x080076a4   0x00000020   Code   RO         2095    i.USBH_ParseEPDesc  usbh_stdreq.o
    0x080076c4   0x00000026   Code   RO         2096    i.USBH_ParseInterfaceDesc  usbh_stdreq.o
    0x080076ea   0x00000036   Code   RO         2097    i.USBH_ParseStringDesc  usbh_stdreq.o
    0x08007720   0x000001b4   Code   RO         1710    i.USBH_Process      usbh_core.o
    0x080078d4   0x00000006   Code   RO         1711    i.USBH_SOF          usbh_core.o
    0x080078da   0x00000026   Code   RO         2098    i.USBH_SetAddress   usbh_stdreq.o
    0x08007900   0x00000026   Code   RO         2099    i.USBH_SetCfg       usbh_stdreq.o
    0x08007926   0x00000018   Code   RO         1843    i.USBH_SubmitSetupRequest  usbh_ioreq.o
    0x0800793e   0x00000002   Code   RO         2191    i.USBH_USR_Configuration_DescAvailable  usbh_usr.o
    0x08007940   0x00000002   Code   RO         2192    i.USBH_USR_DeInit   usbh_usr.o
    0x08007942   0x00000002   Code   RO         2193    i.USBH_USR_DeviceAddressAssigned  usbh_usr.o
    0x08007944   0x00000002   Code   RO         2194    i.USBH_USR_DeviceAttached  usbh_usr.o
    0x08007946   0x00000002   Code   RO         2195    i.USBH_USR_DeviceDisconnected  usbh_usr.o
    0x08007948   0x00000002   Code   RO         2196    i.USBH_USR_DeviceNotSupported  usbh_usr.o
    0x0800794a   0x00000002   Code   RO         2197    i.USBH_USR_DeviceSpeedDetected  usbh_usr.o
    0x0800794c   0x00000002   Code   RO         2198    i.USBH_USR_Device_DescAvailable  usbh_usr.o
    0x0800794e   0x00000002   Code   RO         2199    i.USBH_USR_EnumerationDone  usbh_usr.o
    0x08007950   0x00000002   Code   RO         2200    i.USBH_USR_Init     usbh_usr.o
    0x08007952   0x00000002   PAD
    0x08007954   0x0000018c   Code   RO         2201    i.USBH_USR_MSC_Application  usbh_usr.o
    0x08007ae0   0x00000002   Code   RO         2202    i.USBH_USR_Manufacturer_String  usbh_usr.o
    0x08007ae2   0x00000002   Code   RO         2203    i.USBH_USR_OverCurrentDetected  usbh_usr.o
    0x08007ae4   0x00000002   Code   RO         2204    i.USBH_USR_Product_String  usbh_usr.o
    0x08007ae6   0x00000002   Code   RO         2205    i.USBH_USR_ResetDevice  usbh_usr.o
    0x08007ae8   0x00000002   Code   RO         2206    i.USBH_USR_SerialNum_String  usbh_usr.o
    0x08007aea   0x00000002   Code   RO         2207    i.USBH_USR_UnrecoveredError  usbh_usr.o
    0x08007aec   0x00000004   Code   RO         2208    i.USBH_USR_UserInput  usbh_usr.o
    0x08007af0   0x00000002   Code   RO         1285    i.USB_OTG_BSP_ConfigVBUS  usb_bsp.o
    0x08007af2   0x00000002   Code   RO         1286    i.USB_OTG_BSP_DriveVBUS  usb_bsp.o
    0x08007af4   0x0000002c   Code   RO         1287    i.USB_OTG_BSP_EnableInterrupt  usb_bsp.o
    0x08007b20   0x00000148   Code   RO         1288    i.USB_OTG_BSP_Init  usb_bsp.o
    0x08007c68   0x0000002e   Code   RO         1289    i.USB_OTG_BSP_TimeInit  usb_bsp.o
    0x08007c96   0x00000002   PAD
    0x08007c98   0x00000038   Code   RO         1290    i.USB_OTG_BSP_TimerIRQ  usb_bsp.o
    0x08007cd0   0x0000000e   Code   RO         1291    i.USB_OTG_BSP_mDelay  usb_bsp.o
    0x08007cde   0x0000000e   Code   RO         1292    i.USB_OTG_BSP_uDelay  usb_bsp.o
    0x08007cec   0x00000132   Code   RO         1361    i.USB_OTG_CoreInit  usb_core.o
    0x08007e1e   0x000000da   Code   RO         1362    i.USB_OTG_CoreInitHost  usb_core.o
    0x08007ef8   0x00000070   Code   RO         1363    i.USB_OTG_CoreReset  usb_core.o
    0x08007f68   0x00000022   Code   RO         1364    i.USB_OTG_DisableGlobalInt  usb_core.o
    0x08007f8a   0x0000005c   Code   RO         1365    i.USB_OTG_DriveVbus  usb_core.o
    0x08007fe6   0x00000034   Code   RO         1366    i.USB_OTG_EnableCommonInt  usb_core.o
    0x0800801a   0x00000022   Code   RO         1367    i.USB_OTG_EnableGlobalInt  usb_core.o
    0x0800803c   0x00000074   Code   RO         1368    i.USB_OTG_EnableHostInt  usb_core.o
    0x080080b0   0x0000004c   Code   RO         1369    i.USB_OTG_FlushRxFifo  usb_core.o
    0x080080fc   0x00000054   Code   RO         1370    i.USB_OTG_FlushTxFifo  usb_core.o
    0x08008150   0x0000000c   Code   RO         1371    i.USB_OTG_GetMode   usb_core.o
    0x0800815c   0x0000005a   Code   RO         1372    i.USB_OTG_HC_DoPing  usb_core.o
    0x080081b6   0x00000082   Code   RO         1373    i.USB_OTG_HC_Halt   usb_core.o
    0x08008238   0x00000238   Code   RO         1374    i.USB_OTG_HC_Init   usb_core.o
    0x08008470   0x000001f6   Code   RO         1375    i.USB_OTG_HC_StartXfer  usb_core.o
    0x08008666   0x00000018   Code   RO         1376    i.USB_OTG_InitFSLSPClkSel  usb_core.o
    0x0800867e   0x00000010   Code   RO         1378    i.USB_OTG_IsEvenFrame  usb_core.o
    0x0800868e   0x00000014   Code   RO         1379    i.USB_OTG_IsHostMode  usb_core.o
    0x080086a2   0x00000010   Code   RO         1380    i.USB_OTG_ReadCoreItr  usb_core.o
    0x080086b2   0x00000030   Code   RO         1381    i.USB_OTG_ReadHPRT0  usb_core.o
    0x080086e2   0x00000008   Code   RO         1382    i.USB_OTG_ReadHostAllChannels_intr  usb_core.o
    0x080086ea   0x00000028   Code   RO         1384    i.USB_OTG_ReadPacket  usb_core.o
    0x08008712   0x00000040   Code   RO         1385    i.USB_OTG_ResetPort  usb_core.o
    0x08008752   0x00000002   PAD
    0x08008754   0x000000d8   Code   RO         1386    i.USB_OTG_SelectCore  usb_core.o
    0x0800882c   0x0000004e   Code   RO         1387    i.USB_OTG_SetCurrentMode  usb_core.o
    0x0800887a   0x00000002   PAD
    0x0800887c   0x0000002c   Code   RO         1630    i.USB_OTG_USBH_handle_Disconnect_ISR  usb_hcd_int.o
    0x080088a8   0x00000046   Code   RO         1631    i.USB_OTG_USBH_handle_IncompletePeriodicXfer_ISR  usb_hcd_int.o
    0x080088ee   0x00000056   Code   RO         1632    i.USB_OTG_USBH_handle_hc_ISR  usb_hcd_int.o
    0x08008944   0x0000042a   Code   RO         1633    i.USB_OTG_USBH_handle_hc_n_In_ISR  usb_hcd_int.o
    0x08008d6e   0x000003d0   Code   RO         1634    i.USB_OTG_USBH_handle_hc_n_Out_ISR  usb_hcd_int.o
    0x0800913e   0x0000012e   Code   RO         1635    i.USB_OTG_USBH_handle_nptxfempty_ISR  usb_hcd_int.o
    0x0800926c   0x00000120   Code   RO         1636    i.USB_OTG_USBH_handle_port_ISR  usb_hcd_int.o
    0x0800938c   0x0000012e   Code   RO         1637    i.USB_OTG_USBH_handle_ptxfempty_ISR  usb_hcd_int.o
    0x080094ba   0x00000164   Code   RO         1638    i.USB_OTG_USBH_handle_rx_qlvl_ISR  usb_hcd_int.o
    0x0800961e   0x00000002   PAD
    0x08009620   0x0000002c   Code   RO         1639    i.USB_OTG_USBH_handle_sof_ISR  usb_hcd_int.o
    0x0800964c   0x00000040   Code   RO         1389    i.USB_OTG_WritePacket  usb_core.o
    0x0800968c   0x00000018   Code   RO          575    i.Uptade_Measurements  dwin.o
    0x080096a4   0x00000004   Code   RO          346    i.UsageFault_Handler  stm32fxxx_it.o
    0x080096a8   0x00000010   Code   RO          576    i.Usart3_Init       dwin.o
    0x080096b8   0x00000014   Code   RO          771    i.Usart6_Init       sensor.o
    0x080096cc   0x000000d4   Code   RO          577    i.Write_Dwin_Buff   dwin.o
    0x080097a0   0x000000d4   Code   RO          578    i.Write_Dwin_RAM    dwin.o
    0x08009874   0x000000cc   Code   RO          579    i.Write_Dwin_REG16  dwin.o
    0x08009940   0x0000002c   Code   RO          772    i.Write_Usart6_RBuff  sensor.o
    0x0800996c   0x00000030   Code   RO         5192    i.__ARM_fpclassify  m_wm.l(fpclassify.o)
    0x0800999c   0x00000004   PAD
    0x080099a0   0x00000c50   Code   RO         5037    i.__hardfp_pow      m_wm.l(pow.o)
    0x0800a5f0   0x000000f8   Code   RO         5194    i.__kernel_poly     m_wm.l(poly.o)
    0x0800a6e8   0x00000030   Code   RO         5172    i.__mathlib_dbl_divzero  m_wm.l(dunder.o)
    0x0800a718   0x00000014   Code   RO         5174    i.__mathlib_dbl_infnan2  m_wm.l(dunder.o)
    0x0800a72c   0x00000004   PAD
    0x0800a730   0x00000020   Code   RO         5175    i.__mathlib_dbl_invalid  m_wm.l(dunder.o)
    0x0800a750   0x00000020   Code   RO         5176    i.__mathlib_dbl_overflow  m_wm.l(dunder.o)
    0x0800a770   0x00000020   Code   RO         5178    i.__mathlib_dbl_underflow  m_wm.l(dunder.o)
    0x0800a790   0x0000000e   Code   RO         5112    i._is_digit         c_w.l(__printf_wp.o)
    0x0800a79e   0x00000002   PAD
    0x0800a7a0   0x00000090   Code   RO         4623    i.check_fs          ff.o
    0x0800a830   0x00000014   Code   RO         4624    i.chk_chr           ff.o
    0x0800a844   0x000002e8   Code   RO         4625    i.chk_mounted       ff.o
    0x0800ab2c   0x0000001a   Code   RO         4626    i.clust2sect        ff.o
    0x0800ab46   0x00000002   PAD
    0x0800ab48   0x00000090   Code   RO         4627    i.cmp_lfn           ff.o
    0x0800abd8   0x000000b6   Code   RO         4628    i.create_chain      ff.o
    0x0800ac8e   0x00000002   PAD
    0x0800ac90   0x00000218   Code   RO         4629    i.create_name       ff.o
    0x0800aea8   0x000000de   Code   RO         4630    i.dir_find          ff.o
    0x0800af86   0x00000116   Code   RO         4631    i.dir_next          ff.o
    0x0800b09c   0x000000be   Code   RO         4632    i.dir_read          ff.o
    0x0800b15a   0x0000018c   Code   RO         4633    i.dir_register      ff.o
    0x0800b2e6   0x00000060   Code   RO         4634    i.dir_remove        ff.o
    0x0800b346   0x0000009c   Code   RO         4635    i.dir_seek          ff.o
    0x0800b3e2   0x00000002   PAD
    0x0800b3e4   0x0000003c   Code   RO         4957    i.disk_initialize   diskio.o
    0x0800b420   0x00000064   Code   RO         4958    i.disk_ioctl        diskio.o
    0x0800b484   0x000000a0   Code   RO         4959    i.disk_read         diskio.o
    0x0800b524   0x00000014   Code   RO         4960    i.disk_status       diskio.o
    0x0800b538   0x000000b8   Code   RO         4961    i.disk_write        diskio.o
    0x0800b5f0   0x00000016   Code   RO         4637    i.f_close           ff.o
    0x0800b606   0x00000114   Code   RO         4638    i.f_getfree         ff.o
    0x0800b71a   0x000001c0   Code   RO         4640    i.f_lseek           ff.o
    0x0800b8da   0x00000002   PAD
    0x0800b8dc   0x0000002c   Code   RO         4643    i.f_mount           ff.o
    0x0800b908   0x00000198   Code   RO         4644    i.f_open            ff.o
    0x0800baa0   0x000001d2   Code   RO         4649    i.f_read            ff.o
    0x0800bc72   0x000000b8   Code   RO         4653    i.f_sync            ff.o
    0x0800bd2a   0x00000002   PAD
    0x0800bd2c   0x000000c4   Code   RO         4655    i.f_unlink          ff.o
    0x0800bdf0   0x00000210   Code   RO         4657    i.f_write           ff.o
    0x0800c000   0x00000018   Code   RO         5188    i.fabs              m_wm.l(fabs.o)
    0x0800c018   0x0000004c   Code   RO         4925    i.ff_convert        ccsbcs.o
    0x0800c064   0x00000038   Code   RO         4926    i.ff_wtoupper       ccsbcs.o
    0x0800c09c   0x00000080   Code   RO         4658    i.fit_lfn           ff.o
    0x0800c11c   0x0000009a   Code   RO         4659    i.follow_path       ff.o
    0x0800c1b6   0x00000090   Code   RO         4660    i.gen_numname       ff.o
    0x0800c246   0x00000112   Code   RO         4661    i.get_fat           ff.o
    0x0800c358   0x00000004   Code   RO         4596    i.get_fattime       fattime.o
    0x0800c35c   0x00000044   Code   RO          304    i.initialize        led.o
    0x0800c3a0   0x000000cc   Code   RO          470    i.initialize_usart1  usart.o
    0x0800c46c   0x00000050   Code   RO          141    i.led_shining       main.o
    0x0800c4bc   0x000000a0   Code   RO          142    i.main              main.o
    0x0800c55c   0x00000026   Code   RO         4663    i.mem_cmp           ff.o
    0x0800c582   0x0000001a   Code   RO         4664    i.mem_cpy           ff.o
    0x0800c59c   0x00000014   Code   RO         4665    i.mem_set           ff.o
    0x0800c5b0   0x00000072   Code   RO         4666    i.move_window       ff.o
    0x0800c622   0x0000002e   Code   RO          471    i.my_printf1        usart.o
    0x0800c650   0x00000074   Code   RO         4667    i.pick_lfn          ff.o
    0x0800c6c4   0x00000146   Code   RO         4668    i.put_fat           ff.o
    0x0800c80a   0x00000068   Code   RO         4669    i.remove_chain      ff.o
    0x0800c872   0x00000028   Code   RO          472    i.send_buffer1      usart.o
    0x0800c89a   0x00000002   PAD
    0x0800c89c   0x00000024   Code   RO          473    i.send_byte_to_usart1  usart.o
    0x0800c8c0   0x0000002c   Code   RO          474    i.send_string_to_usart1  usart.o
    0x0800c8ec   0x0000006e   Code   RO         5199    i.sqrt              m_wm.l(sqrt.o)
    0x0800c95a   0x00000020   Code   RO         4670    i.sum_sfn           ff.o
    0x0800c97a   0x000000ca   Code   RO         4671    i.sync              ff.o
    0x0800ca44   0x0000002a   Code   RO         4672    i.validate          ff.o
    0x0800ca6e   0x00000002   PAD
    0x0800ca70   0x0000002c   Code   RO         5293    locale$$code        c_w.l(lc_numeric_c.o)
    0x0800ca9c   0x0000002c   Code   RO         5312    locale$$code        c_w.l(lc_ctype_c.o)
    0x0800cac8   0x00000018   Code   RO         5145    x$fpl$basic         fz_wm.l(basic.o)
    0x0800cae0   0x00000062   Code   RO         5019    x$fpl$d2f           fz_wm.l(d2f.o)
    0x0800cb42   0x00000002   PAD
    0x0800cb44   0x00000150   Code   RO         5021    x$fpl$dadd          fz_wm.l(daddsub_clz.o)
    0x0800cc94   0x00000010   Code   RO         5247    x$fpl$dcheck1       fz_wm.l(dcheck1.o)
    0x0800cca4   0x00000018   Code   RO         5303    x$fpl$dcmpinf       fz_wm.l(dcmpi.o)
    0x0800ccbc   0x000002b0   Code   RO         5148    x$fpl$ddiv          fz_wm.l(ddiv.o)
    0x0800cf6c   0x0000002e   Code   RO         5028    x$fpl$dflt          fz_wm.l(dflt_clz.o)
    0x0800cf9a   0x00000026   Code   RO         5027    x$fpl$dfltu         fz_wm.l(dflt_clz.o)
    0x0800cfc0   0x00000078   Code   RO         5249    x$fpl$dleqf         fz_wm.l(dleqf.o)
    0x0800d038   0x00000154   Code   RO         5033    x$fpl$dmul          fz_wm.l(dmul.o)
    0x0800d18c   0x0000009c   Code   RO         5151    x$fpl$dnaninf       fz_wm.l(dnaninf.o)
    0x0800d228   0x0000000c   Code   RO         5153    x$fpl$dretinf       fz_wm.l(dretinf.o)
    0x0800d234   0x0000006c   Code   RO         5155    x$fpl$drleqf        fz_wm.l(drleqf.o)
    0x0800d2a0   0x00000016   Code   RO         5022    x$fpl$drsb          fz_wm.l(daddsub_clz.o)
    0x0800d2b6   0x00000002   PAD
    0x0800d2b8   0x00000198   Code   RO         5251    x$fpl$dsqrt         fz_wm.l(dsqrt_umaal.o)
    0x0800d450   0x000001d4   Code   RO         5023    x$fpl$dsub          fz_wm.l(daddsub_clz.o)
    0x0800d624   0x00000056   Code   RO         5035    x$fpl$f2d           fz_wm.l(f2d.o)
    0x0800d67a   0x0000008c   Code   RO         5157    x$fpl$fnaninf       fz_wm.l(fnaninf.o)
    0x0800d706   0x0000000a   Code   RO         5372    x$fpl$fpinit        fz_wm.l(fpinit.o)
    0x0800d710   0x0000000a   Code   RO         5159    x$fpl$fretinf       fz_wm.l(fretinf.o)
    0x0800d71a   0x00000004   Code   RO         5161    x$fpl$printf1       fz_wm.l(printf1.o)
    0x0800d71e   0x00000004   Code   RO         5163    x$fpl$printf2       fz_wm.l(printf2.o)
    0x0800d722   0x00000064   Code   RO         5307    x$fpl$retnan        fz_wm.l(retnan.o)
    0x0800d786   0x0000005c   Code   RO         5169    x$fpl$scalbn        fz_wm.l(scalbn.o)
    0x0800d7e2   0x00000030   Code   RO         5361    x$fpl$trapveneer    fz_wm.l(trapv.o)
    0x0800d812   0x00000000   Code   RO         5171    x$fpl$usenofp       fz_wm.l(usenofp.o)
    0x0800d812   0x00000002   PAD
    0x0800d814   0x0000001e   Data   RO         2210    .constdata          usbh_usr.o
    0x0800d832   0x00000002   PAD
    0x0800d834   0x000000d2   Data   RO         4674    .constdata          ff.o
    0x0800d906   0x000004c0   Data   RO         4927    .constdata          ccsbcs.o
    0x0800ddc6   0x00000002   PAD
    0x0800ddc8   0x00000088   Data   RO         5040    .constdata          m_wm.l(pow.o)
    0x0800de50   0x00000008   Data   RO         5071    .constdata          c_w.l(_printf_wctomb.o)
    0x0800de58   0x00000028   Data   RO         5100    .constdata          c_w.l(_printf_hex_int_ll_ptr.o)
    0x0800de80   0x00000011   Data   RO         5120    .constdata          c_w.l(__printf_flags_ss_wp.o)
    0x0800de91   0x00000007   PAD
    0x0800de98   0x00000008   Data   RO         5196    .constdata          m_wm.l(qnan.o)
    0x0800dea0   0x00000026   Data   RO         5236    .constdata          c_w.l(_printf_fp_hex.o)
    0x0800dec6   0x00000002   PAD
    0x0800dec8   0x00000094   Data   RO         5268    .constdata          c_w.l(bigflt0.o)
    0x0800df5c   0x00000020   Data   RO         5440    Region$$Table       anon$$obj.o
    0x0800df7c   0x0000001c   Data   RO         5292    locale$$data        c_w.l(lc_numeric_c.o)
    0x0800df98   0x00000110   Data   RO         5311    locale$$data        c_w.l(lc_ctype_c.o)


    Execution Region RW_IRAM1 (Base: 0x20000000, Size: 0x00002110, Max: 0x00020000, ABSOLUTE, COMPRESSED[0x00000094])

    Base Addr    Size         Type   Attr      Idx    E Section Name        Object

    0x20000000   0x00000018   Data   RW          144    .data               main.o
    0x20000018   0x00000004   Data   RW          305    .data               led.o
    0x2000001c   0x00000014   Data   RW          431    .data               system_stm32f4xx.o
    0x20000030   0x00000088   Data   RW          475    .data               usart.o
    0x200000b8   0x00000016   Data   RW          582    .data               dwin.o
    0x200000ce   0x00000002   PAD
    0x200000d0   0x00000013   Data   RW          774    .data               sensor.o
    0x200000e3   0x00000001   PAD
    0x200000e4   0x00000007   Data   RW          846    .data               battery.o
    0x200000eb   0x00000001   PAD
    0x200000ec   0x00000009   Data   RW          917    .data               sd_card.o
    0x200000f5   0x00000003   PAD
    0x200000f8   0x00000018   Data   RW         1083    .data               stm324xg_eval_sdio_sd.o
    0x20000110   0x00000008   Data   RW         1293    .data               usb_bsp.o
    0x20000118   0x00000012   Data   RW         1712    .data               usbh_core.o
    0x2000012a   0x00000002   PAD
    0x2000012c   0x00000011   Data   RW         1921    .data               usbh_msc_bot.o
    0x2000013d   0x00000003   PAD
    0x20000140   0x0000001d   Data   RW         1973    .data               usbh_msc_core.o
    0x2000015d   0x00000001   Data   RW         2033    .data               usbh_msc_scsi.o
    0x2000015e   0x00000003   Data   RW         2102    .data               usbh_stdreq.o
    0x20000161   0x00000003   PAD
    0x20000164   0x0000004d   Data   RW         2211    .data               usbh_usr.o
    0x200001b1   0x00000010   Data   RW         2677    .data               stm32f4xx_rcc.o
    0x200001c1   0x00000003   PAD
    0x200001c4   0x0000000a   Data   RW         4675    .data               ff.o
    0x200001ce   0x00000001   Data   RW         4962    .data               diskio.o
    0x200001cf   0x00000001   PAD
    0x200001d0   0x00000630   Zero   RW          143    .bss                main.o
    0x20000800   0x0000024c   Zero   RW          581    .bss                dwin.o
    0x20000a4c   0x00000047   Zero   RW          773    .bss                sensor.o
    0x20000a93   0x00000001   PAD
    0x20000a94   0x0000001a   Zero   RW          845    .bss                battery.o
    0x20000aae   0x00000080   Zero   RW          916    .bss                sd_card.o
    0x20000b2e   0x00000002   PAD
    0x20000b30   0x000000cc   Zero   RW         1082    .bss                stm324xg_eval_sdio_sd.o
    0x20000bfc   0x00000040   Zero   RW         1920    .bss                usbh_msc_bot.o
    0x20000c3c   0x0000020a   Zero   RW         1972    .bss                usbh_msc_core.o
    0x20000e46   0x00000002   PAD
    0x20000e48   0x00000410   Zero   RW         2032    .bss                usbh_msc_scsi.o
    0x20001258   0x00000200   Zero   RW         2101    .bss                usbh_stdreq.o
    0x20001458   0x00000454   Zero   RW         2209    .bss                usbh_usr.o
    0x200018ac   0x00000200   Zero   RW         4673    .bss                ff.o
    0x20001aac   0x00000060   Zero   RW         5254    .bss                c_w.l(libspace.o)
    0x20001b0c   0x00000004   PAD
    0x20001b10   0x00000200   Zero   RW          130    HEAP                startup_stm32f40_41xxx.o
    0x20001d10   0x00000400   Zero   RW          129    STACK               startup_stm32f40_41xxx.o


==============================================================================

Image component sizes


      Code (inc. data)   RO Data    RW Data    ZI Data      Debug   Object Name

      1312        102          0          7         26       7899   battery.o
       132         16       1216          0          0       1915   ccsbcs.o
       524         42          0          1          0       4466   diskio.o
      3486        352          0         22        588      26114   dwin.o
         4          0          0          0          0        490   fattime.o
      7426         80        210         10        512      34516   ff.o
        68          6          0          4          0       8410   led.o
       440         80          0         24       1584      56642   main.o
       140         24          0          0          0       1551   misc.o
      1490        190          0          9        128      13014   sd_card.o
      1908        190          0         19         71       7491   sensor.o
         0          0          0          0          0     311528   source_file_module.o
        64         26        392          0       1536        828   startup_stm32f40_41xxx.o
       452         28          0          0          0       2505   stm324xg_eval.o
      4536        274          0         24        204      29498   stm324xg_eval_sdio_sd.o
       586         40          0          0          0       4988   stm32f4xx_dma.o
       222          0          0          0          0       2895   stm32f4xx_gpio.o
       496         28          0          0          0       7130   stm32f4xx_i2c.o
       392         48          0         16          0       5825   stm32f4xx_rcc.o
       370         80          0          0          0      10634   stm32f4xx_sdio.o
       238         28          0          0          0       4273   stm32f4xx_tim.o
       594         42          0          0          0       5404   stm32f4xx_usart.o
        56          6          0          0          0       5320   stm32fxxx_it.o
       340         32          0         20          0       1849   system_stm32f4xx.o
       470         30          0        136          0       6377   usart.o
       656         26          0          8          0       6368   usb_bsp.o
      3020         20          0          0          0      18571   usb_core.o
       202          0          0          0          0       5095   usb_hcd.o
      3702         16          0          0          0      10311   usb_hcd_int.o
      1662         48          0         18          0       8825   usbh_core.o
       390          0          0          0          0       4432   usbh_hcs.o
       560          0          0          0          0       5446   usbh_ioreq.o
      1140        100          0         17         64       6433   usbh_msc_bot.o
       876         62          0         29        522       6181   usbh_msc_core.o
      1312         88          0          1       1040       6940   usbh_msc_scsi.o
       942         14          0          3        512      10133   usbh_stdreq.o
       432         90         30         77       1108      18358   usbh_usr.o

    ----------------------------------------------------------------------
     40686       2208       1884        464       7900     668655   Object Totals
         0          0         32          0          0          0   (incl. Generated)
        46          0          4         19          5          0   (incl. Padding)

    ----------------------------------------------------------------------

      Code (inc. data)   RO Data    RW Data    ZI Data      Debug   Library Member Name

        90          0          0          0          0          0   __dczerorl2.o
         8          0          0          0          0         68   __main.o
       392          4         17          0          0         92   __printf_flags_ss_wp.o
        14          0          0          0          0         68   __printf_wp.o
         0          0          0          0          0          0   __rtentry.o
        12          0          0          0          0          0   __rtentry2.o
         6          0          0          0          0          0   __rtentry4.o
        52          8          0          0          0          0   __scatter.o
        28          0          0          0          0          0   __scatter_zi.o
         6          0          0          0          0          0   _printf_a.o
         6          0          0          0          0          0   _printf_c.o
        44          0          0          0          0        108   _printf_char.o
        48          6          0          0          0         96   _printf_char_common.o
        40          0          0          0          0         68   _printf_charcount.o
         6          0          0          0          0          0   _printf_d.o
       120         16          0          0          0         92   _printf_dec.o
         6          0          0          0          0          0   _printf_e.o
         6          0          0          0          0          0   _printf_f.o
      1050          0          0          0          0        216   _printf_fp_dec.o
       764         10         38          0          0        100   _printf_fp_hex.o
       128         16          0          0          0         84   _printf_fp_infnan.o
         6          0          0          0          0          0   _printf_g.o
       148          4         40          0          0        160   _printf_hex_int_ll_ptr.o
         6          0          0          0          0          0   _printf_i.o
       178          0          0          0          0         88   _printf_intcommon.o
        10          0          0          0          0          0   _printf_l.o
         6          0          0          0          0          0   _printf_lc.o
        10          0          0          0          0          0   _printf_ll.o
         6          0          0          0          0          0   _printf_lld.o
         6          0          0          0          0          0   _printf_lli.o
         6          0          0          0          0          0   _printf_llo.o
         6          0          0          0          0          0   _printf_llu.o
         6          0          0          0          0          0   _printf_llx.o
       124         16          0          0          0         92   _printf_longlong_dec.o
         6          0          0          0          0          0   _printf_ls.o
         6          0          0          0          0          0   _printf_n.o
         6          0          0          0          0          0   _printf_o.o
       112          8          0          0          0        124   _printf_oct_int_ll.o
         6          0          0          0          0          0   _printf_p.o
        78          0          0          0          0        108   _printf_pad.o
         0          0          0          0          0          0   _printf_percent.o
         4          0          0          0          0          0   _printf_percent_end.o
         6          0          0          0          0          0   _printf_s.o
        82          0          0          0          0         80   _printf_str.o
        36          0          0          0          0         84   _printf_truncate.o
         6          0          0          0          0          0   _printf_u.o
        44          0          0          0          0        108   _printf_wchar.o
       188          6          8          0          0         92   _printf_wctomb.o
         6          0          0          0          0          0   _printf_x.o
        22          0          0          0          0        100   _rserrno.o
        10          0          0          0          0         68   _sputc.o
        64          0          0          0          0         92   _wcrtomb.o
       220          4        148          0          0         96   bigflt0.o
      1910        128          0          0          0        672   btod.o
        18          0          0          0          0         80   exit.o
         6          0          0          0          0        152   heapauxi.o
         0          0          0          0          0          0   indicate_semi.o
        44         10        272          0          0         76   lc_ctype_c.o
        44         10         28          0          0         76   lc_numeric_c.o
         2          0          0          0          0          0   libinit.o
        34          0          0          0          0          0   libinit2.o
         2          0          0          0          0          0   libshutdown.o
         2          0          0          0          0          0   libshutdown2.o
         8          4          0          0         96         68   libspace.o
       138          0          0          0          0         80   lludiv10.o
        16          4          0          0          0         76   rt_ctype_table.o
         8          4          0          0          0         68   rt_errno_addr_intlibspace.o
         8          4          0          0          0         68   rt_locale_intlibspace.o
        78          0          0          0          0         80   rt_memclr_w.o
       138          0          0          0          0         68   rt_memcpy_v6.o
       100          0          0          0          0         80   rt_memcpy_w.o
         2          0          0          0          0          0   rtexit.o
        10          0          0          0          0          0   rtexit2.o
       128          0          0          0          0         68   strcmpv7m.o
        12          4          0          0          0         68   sys_exit.o
        74          0          0          0          0         80   sys_stackheap_outer.o
         2          0          0          0          0         68   use_no_semi.o
        36          4          0          0          0         76   vsprintf.o
        24          0          0          0          0        164   basic.o
        98          4          0          0          0        140   d2f.o
       826         16          0          0          0        492   daddsub_clz.o
        16          4          0          0          0        116   dcheck1.o
        24          0          0          0          0        116   dcmpi.o
       688        140          0          0          0        256   ddiv.o
        84          0          0          0          0        232   dflt_clz.o
       120          4          0          0          0        140   dleqf.o
       340         12          0          0          0        152   dmul.o
       156          4          0          0          0        140   dnaninf.o
        12          0          0          0          0        116   dretinf.o
       108          0          0          0          0        128   drleqf.o
       408         56          0          0          0        168   dsqrt_umaal.o
        86          4          0          0          0        132   f2d.o
       140          4          0          0          0        132   fnaninf.o
        10          0          0          0          0        116   fpinit.o
        10          0          0          0          0        116   fretinf.o
         4          0          0          0          0        116   printf1.o
         4          0          0          0          0        116   printf2.o
       100          0          0          0          0        116   retnan.o
        92          0          0          0          0        116   scalbn.o
        48          0          0          0          0        116   trapv.o
         0          0          0          0          0          0   usenofp.o
       164         44          0          0          0        620   dunder.o
        24          0          0          0          0        124   fabs.o
        48          0          0          0          0        124   fpclassify.o
       248          0          0          0          0        152   poly.o
      3152        296        136          0          0        352   pow.o
         0          0          8          0          0          0   qnan.o
       110          0          0          0          0        148   sqrt.o

    ----------------------------------------------------------------------
     14238        858        704          0        100       9244   Library Totals
        28          0          9          0          4          0   (incl. Padding)

    ----------------------------------------------------------------------

      Code (inc. data)   RO Data    RW Data    ZI Data      Debug   Library Name

      7066        270        551          0         96       4288   c_w.l
      3398        248          0          0          0       3436   fz_wm.l
      3746        340        144          0          0       1520   m_wm.l

    ----------------------------------------------------------------------
     14238        858        704          0        100       9244   Library Totals

    ----------------------------------------------------------------------

==============================================================================


      Code (inc. data)   RO Data    RW Data    ZI Data      Debug   

     54924       3066       2588        464       8000     638859   Grand Totals
     54924       3066       2588        148       8000     638859   ELF Image Totals (compressed)
     54924       3066       2588        148          0          0   ROM Totals

==============================================================================

    Total RO  Size (Code + RO Data)                57512 (  56.16kB)
    Total RW  Size (RW Data + ZI Data)              8464 (   8.27kB)
    Total ROM Size (Code + RO Data + RW Data)      57660 (  56.31kB)

==============================================================================

